Archive member included to satisfy reference by file (symbol)

c:/ciaa/embeddedide/gcc-arm-embedded/bin/../lib/gcc/arm-none-eabi/6.3.1/thumb/v7e-m/fpv4-sp/hard\libgcc.a(_aeabi_uldivmod.o)
                              out/libs/lpc_chip_43xx/src/i2s_18xx_43xx.o (__aeabi_uldivmod)
c:/ciaa/embeddedide/gcc-arm-embedded/bin/../lib/gcc/arm-none-eabi/6.3.1/thumb/v7e-m/fpv4-sp/hard\libgcc.a(_udivmoddi4.o)
                              c:/ciaa/embeddedide/gcc-arm-embedded/bin/../lib/gcc/arm-none-eabi/6.3.1/thumb/v7e-m/fpv4-sp/hard\libgcc.a(_aeabi_uldivmod.o) (__udivmoddi4)
c:/ciaa/embeddedide/gcc-arm-embedded/bin/../lib/gcc/arm-none-eabi/6.3.1/thumb/v7e-m/fpv4-sp/hard\libgcc.a(_dvmd_tls.o)
                              c:/ciaa/embeddedide/gcc-arm-embedded/bin/../lib/gcc/arm-none-eabi/6.3.1/thumb/v7e-m/fpv4-sp/hard\libgcc.a(_aeabi_uldivmod.o) (__aeabi_ldiv0)
c:/ciaa/embeddedide/gcc-arm-embedded/bin/../lib/gcc/arm-none-eabi/6.3.1/../../../../arm-none-eabi/lib/thumb/v7e-m/fpv4-sp/hard\libc_nano.a(lib_a-memcpy-stub.o)
                              out/libs/lpc_chip_43xx/src/ring_buffer.o (memcpy)
c:/ciaa/embeddedide/gcc-arm-embedded/bin/../lib/gcc/arm-none-eabi/6.3.1/../../../../arm-none-eabi/lib/thumb/v7e-m/fpv4-sp/hard\libc_nano.a(lib_a-memset.o)
                              out/libs/lpc_chip_43xx/src/clock_18xx_43xx.o (memset)

Allocating common symbols
Common symbol       size              file

SystemCoreClock     0x4               out/libs/lpc_chip_43xx/src/chip_18xx_43xx.o
tickCounter         0x8               out/libs/sapi/src/sapi_tick.o
tickRateMS          0x8               out/libs/sapi/src/sapi_tick.o

Discarded input sections

 .group         0x00000000        0x8 out/app/src/mefAscensor.o
 .group         0x00000000        0x8 out/app/src/mefAscensor.o
 .group         0x00000000        0x8 out/app/src/mefAscensor.o
 .group         0x00000000        0x8 out/app/src/mefAscensor.o
 .group         0x00000000        0x8 out/app/src/mefAscensor.o
 .group         0x00000000        0x8 out/app/src/mefAscensor.o
 .group         0x00000000        0x8 out/app/src/mefAscensor.o
 .group         0x00000000        0x8 out/app/src/mefAscensor.o
 .group         0x00000000        0x8 out/app/src/mefAscensor.o
 .group         0x00000000        0x8 out/app/src/mefAscensor.o
 .group         0x00000000        0x8 out/app/src/mefAscensor.o
 .group         0x00000000        0x8 out/app/src/mefAscensor.o
 .group         0x00000000        0x8 out/app/src/mefAscensor.o
 .group         0x00000000        0x8 out/app/src/mefAscensor.o
 .group         0x00000000        0x8 out/app/src/mefAscensor.o
 .group         0x00000000        0x8 out/app/src/mefAscensor.o
 .group         0x00000000        0x8 out/app/src/mefAscensor.o
 .group         0x00000000        0x8 out/app/src/mefAscensor.o
 .group         0x00000000        0x8 out/app/src/mefAscensor.o
 .group         0x00000000        0x8 out/app/src/mefAscensor.o
 .group         0x00000000        0x8 out/app/src/mefAscensor.o
 .group         0x00000000        0x8 out/app/src/mefAscensor.o
 .group         0x00000000        0x8 out/app/src/mefAscensor.o
 .group         0x00000000        0x8 out/app/src/mefAscensor.o
 .group         0x00000000        0x8 out/app/src/mefAscensor.o
 .group         0x00000000        0x8 out/app/src/mefAscensor.o
 .group         0x00000000        0x8 out/app/src/mefAscensor.o
 .group         0x00000000        0x8 out/app/src/mefAscensor.o
 .group         0x00000000        0x8 out/app/src/mefAscensor.o
 .group         0x00000000        0x8 out/app/src/mefAscensor.o
 .group         0x00000000        0x8 out/app/src/mefAscensor.o
 .group         0x00000000        0x8 out/app/src/mefAscensor.o
 .group         0x00000000        0x8 out/app/src/mefAscensor.o
 .group         0x00000000        0x8 out/app/src/mefAscensor.o
 .group         0x00000000        0x8 out/app/src/mefAscensor.o
 .group         0x00000000        0x8 out/app/src/mefAscensor.o
 .group         0x00000000        0x8 out/app/src/mefAscensor.o
 .group         0x00000000        0x8 out/app/src/mefAscensor.o
 .group         0x00000000        0x8 out/app/src/mefAscensor.o
 .group         0x00000000        0x8 out/app/src/mefAscensor.o
 .group         0x00000000        0x8 out/app/src/mefAscensor.o
 .group         0x00000000        0x8 out/app/src/mefAscensor.o
 .group         0x00000000        0x8 out/app/src/mefAscensor.o
 .group         0x00000000        0x8 out/app/src/mefAscensor.o
 .group         0x00000000        0x8 out/app/src/mefAscensor.o
 .group         0x00000000        0x8 out/app/src/mefAscensor.o
 .group         0x00000000        0x8 out/app/src/mefAscensor.o
 .group         0x00000000        0x8 out/app/src/mefAscensor.o
 .group         0x00000000        0x8 out/app/src/mefAscensor.o
 .group         0x00000000        0x8 out/app/src/mefAscensor.o
 .group         0x00000000        0x8 out/app/src/mefAscensor.o
 .group         0x00000000        0x8 out/app/src/mefAscensor.o
[...]
Memory Configuration

Name             Origin             Length             Attributes
MFlashA512       0x1a000000         0x00080000         xr
MFlashB512       0x1b000000         0x00080000         xr
RamLoc32         0x10000000         0x00008000         xrw
RamLoc40         0x10080000         0x0000a000         xrw
RamAHB32         0x20000000         0x00008000         xrw
RamAHB16         0x20008000         0x00004000         xrw
RamAHB_ETB16     0x2000c000         0x00004000         xrw
*default*        0x00000000         0xffffffff

Linker script and memory map

LOAD out/app/src/mefAscensor.o
LOAD out/app/src/programa.o
LOAD out/libs/lpc_chip_43xx/src/adc_18xx_43xx.o
LOAD out/libs/lpc_chip_43xx/src/aes_18xx_43xx.o
LOAD out/libs/lpc_chip_43xx/src/atimer_18xx_43xx.o
LOAD out/libs/lpc_chip_43xx/src/ccan_18xx_43xx.o
LOAD out/libs/lpc_chip_43xx/src/chip_18xx_43xx.o
LOAD out/libs/lpc_chip_43xx/src/clock_18xx_43xx.o
LOAD out/libs/lpc_chip_43xx/src/dac_18xx_43xx.o
LOAD out/libs/lpc_chip_43xx/src/eeprom_18xx_43xx.o
LOAD out/libs/lpc_chip_43xx/src/emc_18xx_43xx.o
LOAD out/libs/lpc_chip_43xx/src/enet_18xx_43xx.o
LOAD out/libs/lpc_chip_43xx/src/evrt_18xx_43xx.o
LOAD out/libs/lpc_chip_43xx/src/fpu_init.o
LOAD out/libs/lpc_chip_43xx/src/gpdma_18xx_43xx.o
LOAD out/libs/lpc_chip_43xx/src/gpio_18xx_43xx.o
LOAD out/libs/lpc_chip_43xx/src/gpiogroup_18xx_43xx.o
LOAD out/libs/lpc_chip_43xx/src/hsadc_18xx_43xx.o
LOAD out/libs/lpc_chip_43xx/src/i2c_18xx_43xx.o
LOAD out/libs/lpc_chip_43xx/src/i2cm_18xx_43xx.o
LOAD out/libs/lpc_chip_43xx/src/i2s_18xx_43xx.o
LOAD out/libs/lpc_chip_43xx/src/iap_18xx_43xx.o
LOAD out/libs/lpc_chip_43xx/src/lcd_18xx_43xx.o
LOAD out/libs/lpc_chip_43xx/src/otp_18xx_43xx.o
LOAD out/libs/lpc_chip_43xx/src/pinint_18xx_43xx.o
LOAD out/libs/lpc_chip_43xx/src/pmc_18xx_43xx.o
LOAD out/libs/lpc_chip_43xx/src/ring_buffer.o
LOAD out/libs/lpc_chip_43xx/src/ritimer_18xx_43xx.o
LOAD out/libs/lpc_chip_43xx/src/rtc_18xx_43xx.o
LOAD out/libs/lpc_chip_43xx/src/sct_18xx_43xx.o
LOAD out/libs/lpc_chip_43xx/src/sct_pwm_18xx_43xx.o
LOAD out/libs/lpc_chip_43xx/src/sdif_18xx_43xx.o
LOAD out/libs/lpc_chip_43xx/src/sdio_18xx_43xx.o
LOAD out/libs/lpc_chip_43xx/src/sdmmc_18xx_43xx.o
LOAD out/libs/lpc_chip_43xx/src/spi_18xx_43xx.o
LOAD out/libs/lpc_chip_43xx/src/ssp_18xx_43xx.o
LOAD out/libs/lpc_chip_43xx/src/stopwatch_18xx_43xx.o
LOAD out/libs/lpc_chip_43xx/src/sysinit_18xx_43xx.o
LOAD out/libs/lpc_chip_43xx/src/timer_18xx_43xx.o
LOAD out/libs/lpc_chip_43xx/src/uart_18xx_43xx.o
LOAD out/libs/lpc_chip_43xx/src/wwdt_18xx_43xx.o
LOAD out/libs/lpc_board_ciaa_edu_4337/src/board.o
LOAD out/libs/lpc_board_ciaa_edu_4337/src/board_sysinit.o
LOAD out/libs/lpc_board_ciaa_edu_4337/src/cr_startup_lpc43xx.o
LOAD out/libs/lpc_board_ciaa_edu_4337/src/crp.o
LOAD out/libs/lpc_board_ciaa_edu_4337/src/sysinit.o
LOAD out/libs/lpc_board_ciaa_edu_4337/src/system.o
LOAD out/libs/sapi/src/sapi_7_segment_display.o
LOAD out/libs/sapi/src/sapi_adc.o
LOAD out/libs/sapi/src/sapi_board.o
LOAD out/libs/sapi/src/sapi_dac.o
LOAD out/libs/sapi/src/sapi_datatypes.o
LOAD out/libs/sapi/src/sapi_delay.o
LOAD out/libs/sapi/src/sapi_gpio.o
LOAD out/libs/sapi/src/sapi_hmc5883l.o
LOAD out/libs/sapi/src/sapi_i2c.o
LOAD out/libs/sapi/src/sapi_keypad.o
LOAD out/libs/sapi/src/sapi_pwm.o
LOAD out/libs/sapi/src/sapi_rtc.o
LOAD out/libs/sapi/src/sapi_sct.o
LOAD out/libs/sapi/src/sapi_servo.o
LOAD out/libs/sapi/src/sapi_sleep.o
LOAD out/libs/sapi/src/sapi_spi.o
LOAD out/libs/sapi/src/sapi_tick.o
LOAD out/libs/sapi/src/sapi_timer.o
LOAD out/libs/sapi/src/sapi_uart.o
START GROUP
LOAD c:/ciaa/embeddedide/gcc-arm-embedded/bin/../lib/gcc/arm-none-eabi/6.3.1/thumb/v7e-m/fpv4-sp/hard\libgcc.a
LOAD c:/ciaa/embeddedide/gcc-arm-embedded/bin/../lib/gcc/arm-none-eabi/6.3.1/../../../../arm-none-eabi/lib/thumb/v7e-m/fpv4-sp/hard\libc_nano.a
END GROUP
START GROUP
LOAD c:/ciaa/embeddedide/gcc-arm-embedded/bin/../lib/gcc/arm-none-eabi/6.3.1/thumb/v7e-m/fpv4-sp/hard\libgcc.a
LOAD c:/ciaa/embeddedide/gcc-arm-embedded/bin/../lib/gcc/arm-none-eabi/6.3.1/../../../../arm-none-eabi/lib/thumb/v7e-m/fpv4-sp/hard\libc_nano.a
END GROUP
START GROUP
LOAD c:/ciaa/embeddedide/gcc-arm-embedded/bin/../lib/gcc/arm-none-eabi/6.3.1/thumb/v7e-m/fpv4-sp/hard\libgcc.a
LOAD c:/ciaa/embeddedide/gcc-arm-embedded/bin/../lib/gcc/arm-none-eabi/6.3.1/../../../../arm-none-eabi/lib/thumb/v7e-m/fpv4-sp/hard\libc.a
LOAD c:/ciaa/embeddedide/gcc-arm-embedded/bin/../lib/gcc/arm-none-eabi/6.3.1/../../../../arm-none-eabi/lib/thumb/v7e-m/fpv4-sp/hard\libm.a
END GROUP
                0x1a080000                __top_MFlashA512 = 0x1a080000
                0x1b080000                __top_MFlashB512 = 0x1b080000
                0x10008000                __top_RamLoc32 = 0x10008000
                0x1008a000                __top_RamLoc40 = 0x1008a000
                0x20008000                __top_RamAHB32 = 0x20008000
                0x2000c000                __top_RamAHB16 = 0x2000c000
                0x20010000                __top_RamAHB_ETB16 = 0x20010000

.text_Flash2    0x1b000000        0x0
 FILL mask 0xff
 *(.text_Flash2*)
 *(.text_MFlashB512*)
 *(.text.$Flash2*)
 *(.text.$MFlashB512*)
 *(.rodata.$Flash2*)
 *(.rodata.$MFlashB512*)

.text           0x1a000000     0x18d0
 FILL mask 0xff
                0x1a000000                __vectors_start__ = ABSOLUTE (.)
 *(.isr_vector)
 .isr_vector    0x1a000000      0x114 out/libs/lpc_board_ciaa_edu_4337/src/cr_startup_lpc43xx.o
                0x1a000000                g_pfnVectors
                0x1a000114                . = ALIGN (0x4)
                0x1a000114                __section_table_start = .
                0x1a000114                __data_section_table = .
                0x1a000114        0x4 LONG 0x1a0018d8 LOADADDR (.data)
                0x1a000118        0x4 LONG 0x10000000 ADDR (.data)
                0x1a00011c        0x4 LONG 0x44 SIZEOF (.data)
                0x1a000120        0x4 LONG 0x1a0018d8 LOADADDR (.data_RAM2)
                0x1a000124        0x4 LONG 0x10080000 ADDR (.data_RAM2)
                0x1a000128        0x4 LONG 0x0 SIZEOF (.data_RAM2)
                0x1a00012c        0x4 LONG 0x1a0018d8 LOADADDR (.data_RAM3)
                0x1a000130        0x4 LONG 0x20000000 ADDR (.data_RAM3)
                0x1a000134        0x4 LONG 0x0 SIZEOF (.data_RAM3)
                0x1a000138        0x4 LONG 0x1a0018d8 LOADADDR (.data_RAM4)
                0x1a00013c        0x4 LONG 0x20008000 ADDR (.data_RAM4)
                0x1a000140        0x4 LONG 0x0 SIZEOF (.data_RAM4)
                0x1a000144        0x4 LONG 0x1a0018d8 LOADADDR (.data_RAM5)
                0x1a000148        0x4 LONG 0x2000c000 ADDR (.data_RAM5)
                0x1a00014c        0x4 LONG 0x0 SIZEOF (.data_RAM5)
                0x1a000150                __data_section_table_end = .
                0x1a000150                __bss_section_table = .
                0x1a000150        0x4 LONG 0x10000048 ADDR (.bss)
                0x1a000154        0x4 LONG 0x20 SIZEOF (.bss)
                0x1a000158        0x4 LONG 0x10080000 ADDR (.bss_RAM2)
                0x1a00015c        0x4 LONG 0x0 SIZEOF (.bss_RAM2)
                0x1a000160        0x4 LONG 0x20000000 ADDR (.bss_RAM3)
                0x1a000164        0x4 LONG 0x0 SIZEOF (.bss_RAM3)
                0x1a000168        0x4 LONG 0x20008000 ADDR (.bss_RAM4)
                0x1a00016c        0x4 LONG 0x0 SIZEOF (.bss_RAM4)
                0x1a000170        0x4 LONG 0x2000c000 ADDR (.bss_RAM5)
                0x1a000174        0x4 LONG 0x0 SIZEOF (.bss_RAM5)
                0x1a000178                __bss_section_table_end = .
                0x1a000178                __section_table_end = .
 *(.after_vectors*)
 .after_vectors
                0x1a000178       0x44 out/libs/lpc_board_ciaa_edu_4337/src/cr_startup_lpc43xx.o
                0x1a000178                NMI_Handler
                0x1a00017a                HardFault_Handler
                0x1a00017c                MemManage_Handler
                0x1a00017e                BusFault_Handler
                0x1a000180                UsageFault_Handler
                0x1a000182                SVC_Handler
                0x1a000184                DebugMon_Handler
                0x1a000186                PendSV_Handler
                0x1a00018a                ATIMER_IRQHandler
                0x1a00018a                SDIO_IRQHandler
                0x1a00018a                I2C1_IRQHandler
                0x1a00018a                UART1_IRQHandler
                0x1a00018a                GPIO5_IRQHandler
                0x1a00018a                CAN1_IRQHandler
                0x1a00018a                USB1_IRQHandler
                0x1a00018a                I2S0_IRQHandler
                0x1a00018a                GINT1_IRQHandler
                0x1a00018a                SGPIO_IRQHandler
                0x1a00018a                ADC0_IRQHandler
                0x1a00018a                I2C0_IRQHandler
                0x1a00018a                GPIO6_IRQHandler
                0x1a00018a                IntDefaultHandler
                0x1a00018a                GPIO1_IRQHandler
                0x1a00018a                SSP0_IRQHandler
                0x1a00018a                ADC1_IRQHandler
                0x1a00018a                FLASH_EEPROM_IRQHandler
                0x1a00018a                SPI_IRQHandler
                0x1a00018a                LCD_IRQHandler
                0x1a00018a                M0APP_IRQHandler
                0x1a00018a                GPIO2_IRQHandler
                0x1a00018a                I2S1_IRQHandler
                0x1a00018a                SSP1_IRQHandler
                0x1a00018a                USB0_IRQHandler
                0x1a00018a                GPIO3_IRQHandler
                0x1a00018a                SCT_IRQHandler
                0x1a00018a                ADCHS_IRQHandler
                0x1a00018a                WDT_IRQHandler
                0x1a00018a                RIT_IRQHandler
                0x1a00018a                GPIO7_IRQHandler
                0x1a00018a                SPIFI_IRQHandler
                0x1a00018a                QEI_IRQHandler
                0x1a00018a                ETH_IRQHandler
                0x1a00018a                CAN0_IRQHandler
                0x1a00018a                GINT0_IRQHandler
                0x1a00018a                DAC_IRQHandler
                0x1a00018a                M0SUB_IRQHandler
                0x1a00018a                GPIO0_IRQHandler
                0x1a00018a                DMA_IRQHandler
                0x1a00018a                EVRT_IRQHandler
                0x1a00018a                RTC_IRQHandler
                0x1a00018a                MCPWM_IRQHandler
                0x1a00018a                GPIO4_IRQHandler
                0x1a00018c                data_init
                0x1a0001aa                bss_init
 .after_vectors
                0x1a0001bc        0x2 out/libs/sapi/src/sapi_uart.o
                0x1a0001bc                UART0_IRQHandler
                0x000002fc                . = 0x2fc
 *fill*         0x1a0001be      0x13e ff
                0x1a0002fc                PROVIDE (__CRP_WORD_START__, .)
 *(.crp)
 .crp           0x1a0002fc        0x4 out/libs/lpc_board_ciaa_edu_4337/src/crp.o
                0x1a0002fc                CRP_WORD
                0x1a000300                PROVIDE (__CRP_WORD_END__, .)
                0x00000001                ASSERT (! ((__CRP_WORD_START__ == __CRP_WORD_END__)), Linker CRP Enabled, but no CRP_WORD provided within application)
 *(.text*)
 .text.main     0x1a000300       0x5e out/app/src/programa.o
                0x1a000300                main
 *fill*         0x1a00035e        0x2 ff
 .text.SystemCoreClockUpdate
                0x1a000360       0x14 out/libs/lpc_chip_43xx/src/chip_18xx_43xx.o
                0x1a000360                SystemCoreClockUpdate
 .text.pll_calc_divs
                0x1a000374       0xa0 out/libs/lpc_chip_43xx/src/clock_18xx_43xx.o
 .text.pll_get_frac
                0x1a000414      0x100 out/libs/lpc_chip_43xx/src/clock_18xx_43xx.o
 .text.Chip_Clock_FindBaseClock
                0x1a000514       0x4c out/libs/lpc_chip_43xx/src/clock_18xx_43xx.o
 .text.Chip_Clock_EnableCrystal
                0x1a000560       0x4c out/libs/lpc_chip_43xx/src/clock_18xx_43xx.o
                0x1a000560                Chip_Clock_EnableCrystal
 .text.Chip_Clock_GetDividerSource
                0x1a0005ac       0x1c out/libs/lpc_chip_43xx/src/clock_18xx_43xx.o
                0x1a0005ac                Chip_Clock_GetDividerSource
 .text.Chip_Clock_GetDividerDivisor
                0x1a0005c8       0x1c out/libs/lpc_chip_43xx/src/clock_18xx_43xx.o
                0x1a0005c8                Chip_Clock_GetDividerDivisor
 .text.Chip_Clock_GetClockInputHz
                0x1a0005e4       0xb8 out/libs/lpc_chip_43xx/src/clock_18xx_43xx.o
                0x1a0005e4                Chip_Clock_GetClockInputHz
 .text.Chip_Clock_CalcMainPLLValue
                0x1a00069c       0x80 out/libs/lpc_chip_43xx/src/clock_18xx_43xx.o
                0x1a00069c                Chip_Clock_CalcMainPLLValue
 .text.Chip_Clock_GetMainPLLHz
                0x1a00071c       0x6c out/libs/lpc_chip_43xx/src/clock_18xx_43xx.o
                0x1a00071c                Chip_Clock_GetMainPLLHz
 .text.Chip_Clock_GetDivRate
                0x1a000788       0x22 out/libs/lpc_chip_43xx/src/clock_18xx_43xx.o
 *fill*         0x1a0007aa        0x2 ff
 .text.Chip_Clock_SetBaseClock
                0x1a0007ac       0x58 out/libs/lpc_chip_43xx/src/clock_18xx_43xx.o
                0x1a0007ac                Chip_Clock_SetBaseClock
 .text.Chip_Clock_GetBaseClock
                0x1a000804       0x26 out/libs/lpc_chip_43xx/src/clock_18xx_43xx.o
                0x1a000804                Chip_Clock_GetBaseClock
 .text.Chip_Clock_GetBaseClocktHz
                0x1a00082a        0xc out/libs/lpc_chip_43xx/src/clock_18xx_43xx.o
                0x1a00082a                Chip_Clock_GetBaseClocktHz
 *fill*         0x1a000836        0x2 ff
 .text.Chip_Clock_EnableOpts
                0x1a000838       0x3c out/libs/lpc_chip_43xx/src/clock_18xx_43xx.o
                0x1a000838                Chip_Clock_EnableOpts
 .text.Chip_Clock_GetRate
                0x1a000874       0x4c out/libs/lpc_chip_43xx/src/clock_18xx_43xx.o
                0x1a000874                Chip_Clock_GetRate
 .text.fpuInit  0x1a0008c0       0x54 out/libs/lpc_chip_43xx/src/fpu_init.o
                0x1a0008c0                fpuInit
 .text.Chip_GPIO_Init
                0x1a000914        0x2 out/libs/lpc_chip_43xx/src/gpio_18xx_43xx.o
                0x1a000914                Chip_GPIO_Init
 .text.Chip_GPIO_SetDir
                0x1a000916       0x24 out/libs/lpc_chip_43xx/src/gpio_18xx_43xx.o
                0x1a000916                Chip_GPIO_SetDir
 *fill*         0x1a00093a        0x2 ff
 .text.Chip_SetupCoreClock
                0x1a00093c      0x158 out/libs/lpc_chip_43xx/src/sysinit_18xx_43xx.o
                0x1a00093c                Chip_SetupCoreClock
 .text.Chip_UART_GetIndex
                0x1a000a94       0x2c out/libs/lpc_chip_43xx/src/uart_18xx_43xx.o
 .text.Chip_UART_Init
                0x1a000ac0       0x54 out/libs/lpc_chip_43xx/src/uart_18xx_43xx.o
                0x1a000ac0                Chip_UART_Init
 .text.Chip_UART_SetBaudFDR
                0x1a000b14       0xe8 out/libs/lpc_chip_43xx/src/uart_18xx_43xx.o
                0x1a000b14                Chip_UART_SetBaudFDR
 .text.Board_LED_Init
                0x1a000bfc       0x44 out/libs/lpc_board_ciaa_edu_4337/src/board.o
 .text.Board_UART_Init
                0x1a000c40       0x14 out/libs/lpc_board_ciaa_edu_4337/src/board.o
                0x1a000c40                Board_UART_Init
 .text.Board_Debug_Init
                0x1a000c54       0x28 out/libs/lpc_board_ciaa_edu_4337/src/board.o
                0x1a000c54                Board_Debug_Init
 .text.Board_Init
                0x1a000c7c       0x28 out/libs/lpc_board_ciaa_edu_4337/src/board.o
                0x1a000c7c                Board_Init
 .text.Board_SetupMuxing
                0x1a000ca4       0x38 out/libs/lpc_board_ciaa_edu_4337/src/board_sysinit.o
                0x1a000ca4                Board_SetupMuxing
 .text.Board_SetupClocking
                0x1a000cdc       0x6c out/libs/lpc_board_ciaa_edu_4337/src/board_sysinit.o
                0x1a000cdc                Board_SetupClocking
 .text.Board_SystemInit
                0x1a000d48        0xc out/libs/lpc_board_ciaa_edu_4337/src/board_sysinit.o
                0x1a000d48                Board_SystemInit
 .text.ResetISR
                0x1a000d54       0x7c out/libs/lpc_board_ciaa_edu_4337/src/cr_startup_lpc43xx.o
                0x1a000d54                ResetISR
 .text.SystemInit
                0x1a000dd0        0xc out/libs/lpc_board_ciaa_edu_4337/src/sysinit.o
                0x1a000dd0                SystemInit
 .text.boardConfig
                0x1a000ddc       0xee out/libs/sapi/src/sapi_board.o
                0x1a000ddc                boardConfig
 .text.sAPI_NullFuncPtr
                0x1a000eca        0x4 out/libs/sapi/src/sapi_datatypes.o
                0x1a000eca                sAPI_NullFuncPtr
 *fill*         0x1a000ece        0x2 ff
 .text.delay    0x1a000ed0       0x38 out/libs/sapi/src/sapi_delay.o
                0x1a000ed0                delay
 .text.gpioObtainPinConfig
                0x1a000f08       0x34 out/libs/sapi/src/sapi_gpio.o
 .text.gpioConfig
                0x1a000f3c      0x174 out/libs/sapi/src/sapi_gpio.o
                0x1a000f3c                gpioConfig
 .text.gpioWrite
                0x1a0010b0       0x56 out/libs/sapi/src/sapi_gpio.o
                0x1a0010b0                gpioWrite
 .text.gpioRead
                0x1a001106       0x54 out/libs/sapi/src/sapi_gpio.o
                0x1a001106                gpioRead
 .text.gpioToggle
                0x1a00115a       0x16 out/libs/sapi/src/sapi_gpio.o
                0x1a00115a                gpioToggle
 .text.tickConfig
                0x1a001170       0x78 out/libs/sapi/src/sapi_tick.o
                0x1a001170                tickConfig
 .text.tickRead
                0x1a0011e8        0xc out/libs/sapi/src/sapi_tick.o
                0x1a0011e8                tickRead
 .text.SysTick_Handler
                0x1a0011f4       0x24 out/libs/sapi/src/sapi_tick.o
                0x1a0011f4                SysTick_Handler
 .text.errorOcurred
                0x1a001218        0x2 out/libs/sapi/src/sapi_timer.o
 .text.doNothing
                0x1a00121a        0x2 out/libs/sapi/src/sapi_timer.o
 .text.TIMER0_IRQHandler
                0x1a00121c       0x40 out/libs/sapi/src/sapi_timer.o
                0x1a00121c                TIMER0_IRQHandler
 .text.TIMER1_IRQHandler
                0x1a00125c       0x40 out/libs/sapi/src/sapi_timer.o
                0x1a00125c                TIMER1_IRQHandler
 .text.TIMER2_IRQHandler
                0x1a00129c       0x44 out/libs/sapi/src/sapi_timer.o
                0x1a00129c                TIMER2_IRQHandler
 .text.TIMER3_IRQHandler
                0x1a0012e0       0x44 out/libs/sapi/src/sapi_timer.o
                0x1a0012e0                TIMER3_IRQHandler
 .text.UART2_IRQHandler
                0x1a001324        0x2 out/libs/sapi/src/sapi_uart.o
                0x1a001324                UART2_IRQHandler
 .text.UART3_IRQHandler
                0x1a001326        0x2 out/libs/sapi/src/sapi_uart.o
                0x1a001326                UART3_IRQHandler
 .text          0x1a001328       0x30 c:/ciaa/embeddedide/gcc-arm-embedded/bin/../lib/gcc/arm-none-eabi/6.3.1/thumb/v7e-m/fpv4-sp/hard\libgcc.a(_aeabi_uldivmod.o)
                0x1a001328                __aeabi_uldivmod
 .text          0x1a001358      0x2dc c:/ciaa/embeddedide/gcc-arm-embedded/bin/../lib/gcc/arm-none-eabi/6.3.1/thumb/v7e-m/fpv4-sp/hard\libgcc.a(_udivmoddi4.o)
                0x1a001358                __udivmoddi4
 .text          0x1a001634        0x4 c:/ciaa/embeddedide/gcc-arm-embedded/bin/../lib/gcc/arm-none-eabi/6.3.1/thumb/v7e-m/fpv4-sp/hard\libgcc.a(_dvmd_tls.o)
                0x1a001634                __aeabi_idiv0
                0x1a001634                __aeabi_ldiv0
 .text.memset   0x1a001638       0x10 c:/ciaa/embeddedide/gcc-arm-embedded/bin/../lib/gcc/arm-none-eabi/6.3.1/../../../../arm-none-eabi/lib/thumb/v7e-m/fpv4-sp/hard\libc_nano.a(lib_a-memset.o)
                0x1a001638                memset
 *(.rodata .rodata.* .constdata .constdata.*)
 .rodata        0x1a001648        0x4 out/libs/lpc_chip_43xx/src/clock_18xx_43xx.o
 .rodata.Chip_Clock_SetDivider.str1.4
                0x1a00164c        0x8 out/libs/lpc_chip_43xx/src/clock_18xx_43xx.o
                                  0x6 (size before relaxing)
 .rodata.periph_to_base
                0x1a001654       0x6c out/libs/lpc_chip_43xx/src/clock_18xx_43xx.o
 .rodata.InitClkStates
                0x1a0016c0       0x48 out/libs/lpc_chip_43xx/src/sysinit_18xx_43xx.o
 .rodata.UART_BClock
                0x1a001708        0x8 out/libs/lpc_chip_43xx/src/uart_18xx_43xx.o
 .rodata.UART_PClock
                0x1a001710        0x8 out/libs/lpc_chip_43xx/src/uart_18xx_43xx.o
 .rodata.ExtRateIn
                0x1a001718        0x4 out/libs/lpc_board_ciaa_edu_4337/src/board.o
                0x1a001718                ExtRateIn
 .rodata.OscRateIn
                0x1a00171c        0x4 out/libs/lpc_board_ciaa_edu_4337/src/board.o
                0x1a00171c                OscRateIn
 .rodata.gpioLEDBits
                0x1a001720        0xc out/libs/lpc_board_ciaa_edu_4337/src/board.o
 .rodata.InitClkStates
                0x1a00172c        0xc out/libs/lpc_board_ciaa_edu_4337/src/board_sysinit.o
 .rodata.pinmuxing
                0x1a001738       0x60 out/libs/lpc_board_ciaa_edu_4337/src/board_sysinit.o
 .rodata.gpioPinsConfig
                0x1a001798      0x136 out/libs/sapi/src/sapi_gpio.o
                0x1a001798                gpioPinsConfig
                0x1a0018d0                . = ALIGN (0x4)
 *fill*         0x1a0018ce        0x2 ff

.glue_7         0x1a0018d0        0x0
 .glue_7        0x1a0018d0        0x0 linker stubs

.glue_7t        0x1a0018d0        0x0
 .glue_7t       0x1a0018d0        0x0 linker stubs

.vfp11_veneer   0x1a0018d0        0x0
 .vfp11_veneer  0x1a0018d0        0x0 linker stubs

.v4_bx          0x1a0018d0        0x0
 .v4_bx         0x1a0018d0        0x0 linker stubs

.iplt           0x1a0018d0        0x0
 .iplt          0x1a0018d0        0x0 out/app/src/mefAscensor.o

.ARM.extab
 *(.ARM.extab* .gnu.linkonce.armextab.*)
                0x1a0018d0                __exidx_start = .

.ARM.exidx      0x1a0018d0        0x8
 *(.ARM.exidx* .gnu.linkonce.armexidx.*)
 .ARM.exidx     0x1a0018d0        0x8 c:/ciaa/embeddedide/gcc-arm-embedded/bin/../lib/gcc/arm-none-eabi/6.3.1/thumb/v7e-m/fpv4-sp/hard\libgcc.a(_udivmoddi4.o)
                0x1a0018d8                __exidx_end = .
                0x1a0018d8                _etext = .

.rel.dyn        0x1a0018d8        0x0
 .rel.iplt      0x1a0018d8        0x0 out/app/src/mefAscensor.o

.data_RAM2      0x10080000        0x0 load address 0x1a0018d8
 FILL mask 0xff
 *(.ramfunc.$RAM2)
 *(.ramfunc.$RamLoc40)
 *(.data.$RAM2*)
 *(.data.$RamLoc40*)
                0x10080000                . = ALIGN (0x4)

.data_RAM3      0x20000000        0x0 load address 0x1a0018d8
 FILL mask 0xff
 *(.ramfunc.$RAM3)
 *(.ramfunc.$RamAHB32)
 *(.data.$RAM3*)
 *(.data.$RamAHB32*)
                0x20000000                . = ALIGN (0x4)

.data_RAM4      0x20008000        0x0 load address 0x1a0018d8
 FILL mask 0xff
 *(.ramfunc.$RAM4)
 *(.ramfunc.$RamAHB16)
 *(.data.$RAM4*)
 *(.data.$RamAHB16*)
                0x20008000                . = ALIGN (0x4)

.data_RAM5      0x2000c000        0x0 load address 0x1a0018d8
 FILL mask 0xff
 *(.ramfunc.$RAM5)
 *(.ramfunc.$RamAHB_ETB16)
 *(.data.$RAM5*)
 *(.data.$RamAHB_ETB16*)
                0x2000c000                . = ALIGN (0x4)

.uninit_RESERVED
                0x10000000        0x0
 *(.bss.$RESERVED*)
                0x10000000                . = ALIGN (0x4)
                0x10000000                _end_uninit_RESERVED = .

.data           0x10000000       0x44 load address 0x1a0018d8
 FILL mask 0xff
                0x10000000                _data = .
 *(vtable)
 *(.ramfunc*)
 *(.data*)
 .data.tickHookFunction
                0x10000000        0x4 out/libs/sapi/src/sapi_tick.o
                0x10000000                tickHookFunction
 .data.timer_dd
                0x10000004       0x40 out/libs/sapi/src/sapi_timer.o
                0x10000044                . = ALIGN (0x4)
                0x10000044                _edata = .

.igot.plt       0x10000044        0x0 load address 0x1a00191c
 .igot.plt      0x10000044        0x0 out/app/src/mefAscensor.o

.bss_RAM2       0x10080000        0x0
 *(.bss.$RAM2*)
 *(.bss.$RamLoc40*)
                0x10080000                . = ALIGN (0x4)

.bss_RAM3       0x20000000        0x0
 *(.bss.$RAM3*)
 *(.bss.$RamAHB32*)
                0x20000000                . = ALIGN (0x4)

.bss_RAM4       0x20008000        0x0
 *(.bss.$RAM4*)
 *(.bss.$RamAHB16*)
                0x20008000                . = ALIGN (0x4)

.bss_RAM5       0x2000c000        0x0
 *(.bss.$RAM5*)
 *(.bss.$RamAHB_ETB16*)
                0x2000c000                . = ALIGN (0x4)

.bss            0x10000048       0x20
                0x10000048                _bss = .
 *(.bss*)
 .bss.audio_usb_pll_freq
                0x10000048        0x8 out/libs/lpc_chip_43xx/src/clock_18xx_43xx.o
 *(COMMON)
 COMMON         0x10000050        0x4 out/libs/lpc_chip_43xx/src/chip_18xx_43xx.o
                0x10000050                SystemCoreClock
 *fill*         0x10000054        0x4 
 COMMON         0x10000058       0x10 out/libs/sapi/src/sapi_tick.o
                0x10000058                tickCounter
                0x10000060                tickRateMS
                0x10000068                . = ALIGN (0x4)
                0x10000068                _ebss = .
                [!provide]                PROVIDE (end, .)

.noinit_RAM2    0x10080000        0x0
 *(.noinit.$RAM2*)
 *(.noinit.$RamLoc40*)
                0x10080000                . = ALIGN (0x4)

.noinit_RAM3    0x20000000        0x0
 *(.noinit.$RAM3*)
 *(.noinit.$RamAHB32*)
                0x20000000                . = ALIGN (0x4)

.noinit_RAM4    0x20008000        0x0
 *(.noinit.$RAM4*)
 *(.noinit.$RamAHB16*)
                0x20008000                . = ALIGN (0x4)

.noinit_RAM5    0x2000c000        0x0
 *(.noinit.$RAM5*)
 *(.noinit.$RamAHB_ETB16*)
                0x2000c000                . = ALIGN (0x4)

.noinit         0x10000068        0x0
                0x10000068                _noinit = .
 *(.noinit*)
                0x10000068                . = ALIGN (0x4)
                0x10000068                _end_noinit = .
                0x10000068                PROVIDE (_pvHeapStart, .)
                0x10008000                PROVIDE (_vStackTop, (__top_RamLoc32 - 0x0))
                0x53ff6b3a                PROVIDE (__valid_user_code_checksum, (0x0 - ((((((_vStackTop + (ResetISR + 0x1)) + (NMI_Handler + 0x1)) + (HardFault_Handler + 0x1)) + (DEFINED (MemManage_Handler)?MemManage_Handler:0x0 + 0x1)) + (DEFINED (BusFault_Handler)?BusFault_Handler:0x0 + 0x1)) + (DEFINED (UsageFault_Handler)?UsageFault_Handler:0x0 + 0x1))))
OUTPUT(out/programa.elf elf32-littlearm)

.debug_info     0x00000000    0x11bd9
 .debug_info    0x00000000      0xba9 out/app/src/programa.o
 .debug_info    0x00000ba9      0xc3b out/libs/lpc_chip_43xx/src/chip_18xx_43xx.o
 .debug_info    0x000017e4     0x18e4 out/libs/lpc_chip_43xx/src/clock_18xx_43xx.o
 .debug_info    0x000030c8      0x14c out/libs/lpc_chip_43xx/src/fpu_init.o
 .debug_info    0x00003214      0x4c8 out/libs/lpc_chip_43xx/src/gpio_18xx_43xx.o
 .debug_info    0x000036dc      0xb07 out/libs/lpc_chip_43xx/src/sysinit_18xx_43xx.o
 .debug_info    0x000041e3     0x164c out/libs/lpc_chip_43xx/src/uart_18xx_43xx.o
 .debug_info    0x0000582f     0x212f out/libs/lpc_board_ciaa_edu_4337/src/board.o
 .debug_info    0x0000795e     0x14b0 out/libs/lpc_board_ciaa_edu_4337/src/board_sysinit.o
 .debug_info    0x00008e0e      0x2ec out/libs/lpc_board_ciaa_edu_4337/src/cr_startup_lpc43xx.o
 .debug_info    0x000090fa       0x3f out/libs/lpc_board_ciaa_edu_4337/src/crp.o
 .debug_info    0x00009139      0x95e out/libs/lpc_board_ciaa_edu_4337/src/sysinit.o
 .debug_info    0x00009a97      0xdc8 out/libs/sapi/src/sapi_board.o
 .debug_info    0x0000a85f      0x957 out/libs/sapi/src/sapi_datatypes.o
 .debug_info    0x0000b1b6      0xb22 out/libs/sapi/src/sapi_delay.o
 .debug_info    0x0000bcd8     0x19d5 out/libs/sapi/src/sapi_gpio.o
 .debug_info    0x0000d6ad     0x1438 out/libs/sapi/src/sapi_tick.o
 .debug_info    0x0000eae5     0x1c99 out/libs/sapi/src/sapi_timer.o
 .debug_info    0x0001077e     0x145b out/libs/sapi/src/sapi_uart.o

.debug_abbrev   0x00000000     0x2cca
 .debug_abbrev  0x00000000      0x20b out/app/src/programa.o
 .debug_abbrev  0x0000020b      0x1bf out/libs/lpc_chip_43xx/src/chip_18xx_43xx.o
 .debug_abbrev  0x000003ca      0x36f out/libs/lpc_chip_43xx/src/clock_18xx_43xx.o
 .debug_abbrev  0x00000739       0xa2 out/libs/lpc_chip_43xx/src/fpu_init.o
 .debug_abbrev  0x000007db      0x172 out/libs/lpc_chip_43xx/src/gpio_18xx_43xx.o
 .debug_abbrev  0x0000094d      0x20a out/libs/lpc_chip_43xx/src/sysinit_18xx_43xx.o
 .debug_abbrev  0x00000b57      0x3b3 out/libs/lpc_chip_43xx/src/uart_18xx_43xx.o
 .debug_abbrev  0x00000f0a      0x3d6 out/libs/lpc_board_ciaa_edu_4337/src/board.o
 .debug_abbrev  0x000012e0      0x2f8 out/libs/lpc_board_ciaa_edu_4337/src/board_sysinit.o
 .debug_abbrev  0x000015d8      0x114 out/libs/lpc_board_ciaa_edu_4337/src/cr_startup_lpc43xx.o
 .debug_abbrev  0x000016ec       0x36 out/libs/lpc_board_ciaa_edu_4337/src/crp.o
 .debug_abbrev  0x00001722      0x1de out/libs/lpc_board_ciaa_edu_4337/src/sysinit.o
 .debug_abbrev  0x00001900      0x214 out/libs/sapi/src/sapi_board.o
 .debug_abbrev  0x00001b14      0x1c2 out/libs/sapi/src/sapi_datatypes.o
 .debug_abbrev  0x00001cd6      0x241 out/libs/sapi/src/sapi_delay.o
 .debug_abbrev  0x00001f17      0x385 out/libs/sapi/src/sapi_gpio.o
 .debug_abbrev  0x0000229c      0x301 out/libs/sapi/src/sapi_tick.o
 .debug_abbrev  0x0000259d      0x3cd out/libs/sapi/src/sapi_timer.o
 .debug_abbrev  0x0000296a      0x360 out/libs/sapi/src/sapi_uart.o

.debug_aranges  0x00000000      0x618
 .debug_aranges
                0x00000000       0x20 out/app/src/programa.o
 .debug_aranges
                0x00000020       0x38 out/libs/lpc_chip_43xx/src/chip_18xx_43xx.o
 .debug_aranges
                0x00000058      0x128 out/libs/lpc_chip_43xx/src/clock_18xx_43xx.o
 .debug_aranges
                0x00000180       0x20 out/libs/lpc_chip_43xx/src/fpu_init.o
 .debug_aranges
                0x000001a0       0x48 out/libs/lpc_chip_43xx/src/gpio_18xx_43xx.o
 .debug_aranges
                0x000001e8       0x38 out/libs/lpc_chip_43xx/src/sysinit_18xx_43xx.o
 .debug_aranges
                0x00000220       0xa8 out/libs/lpc_chip_43xx/src/uart_18xx_43xx.o
 .debug_aranges
                0x000002c8       0x90 out/libs/lpc_board_ciaa_edu_4337/src/board.o
 .debug_aranges
                0x00000358       0x30 out/libs/lpc_board_ciaa_edu_4337/src/board_sysinit.o
 .debug_aranges
                0x00000388       0x80 out/libs/lpc_board_ciaa_edu_4337/src/cr_startup_lpc43xx.o
 .debug_aranges
                0x00000408       0x18 out/libs/lpc_board_ciaa_edu_4337/src/crp.o
 .debug_aranges
                0x00000420       0x20 out/libs/lpc_board_ciaa_edu_4337/src/sysinit.o
 .debug_aranges
                0x00000440       0x20 out/libs/sapi/src/sapi_board.o
 .debug_aranges
                0x00000460       0x20 out/libs/sapi/src/sapi_datatypes.o
 .debug_aranges
                0x00000480       0x48 out/libs/sapi/src/sapi_delay.o
 .debug_aranges
                0x000004c8       0x40 out/libs/sapi/src/sapi_gpio.o
 .debug_aranges
                0x00000508       0x38 out/libs/sapi/src/sapi_tick.o
 .debug_aranges
                0x00000540       0x78 out/libs/sapi/src/sapi_timer.o
 .debug_aranges
                0x000005b8       0x60 out/libs/sapi/src/sapi_uart.o

.debug_ranges   0x00000000      0x5a0
 .debug_ranges  0x00000000       0x10 out/app/src/programa.o
 .debug_ranges  0x00000010       0x28 out/libs/lpc_chip_43xx/src/chip_18xx_43xx.o
 .debug_ranges  0x00000038      0x190 out/libs/lpc_chip_43xx/src/clock_18xx_43xx.o
 .debug_ranges  0x000001c8       0x10 out/libs/lpc_chip_43xx/src/fpu_init.o
 .debug_ranges  0x000001d8       0x38 out/libs/lpc_chip_43xx/src/gpio_18xx_43xx.o
 .debug_ranges  0x00000210       0x28 out/libs/lpc_chip_43xx/src/sysinit_18xx_43xx.o
 .debug_ranges  0x00000238       0xb0 out/libs/lpc_chip_43xx/src/uart_18xx_43xx.o
 .debug_ranges  0x000002e8       0x80 out/libs/lpc_board_ciaa_edu_4337/src/board.o
 .debug_ranges  0x00000368       0x38 out/libs/lpc_board_ciaa_edu_4337/src/board_sysinit.o
 .debug_ranges  0x000003a0       0x70 out/libs/lpc_board_ciaa_edu_4337/src/cr_startup_lpc43xx.o
 .debug_ranges  0x00000410       0x10 out/libs/lpc_board_ciaa_edu_4337/src/sysinit.o
 .debug_ranges  0x00000420       0x10 out/libs/sapi/src/sapi_board.o
 .debug_ranges  0x00000430       0x10 out/libs/sapi/src/sapi_datatypes.o
 .debug_ranges  0x00000440       0x38 out/libs/sapi/src/sapi_delay.o
 .debug_ranges  0x00000478       0x30 out/libs/sapi/src/sapi_gpio.o
 .debug_ranges  0x000004a8       0x28 out/libs/sapi/src/sapi_tick.o
 .debug_ranges  0x000004d0       0x80 out/libs/sapi/src/sapi_timer.o
 .debug_ranges  0x00000550       0x50 out/libs/sapi/src/sapi_uart.o

.debug_macro    0x00000000     0x4376
 .debug_macro   0x00000000      0x535 out/app/src/programa.o
 .debug_macro   0x00000535      0x301 out/libs/lpc_chip_43xx/src/chip_18xx_43xx.o
 .debug_macro   0x00000836      0x307 out/libs/lpc_chip_43xx/src/clock_18xx_43xx.o
 .debug_macro   0x00000b3d       0xe7 out/libs/lpc_chip_43xx/src/fpu_init.o
 .debug_macro   0x00000c24      0x301 out/libs/lpc_chip_43xx/src/gpio_18xx_43xx.o
 .debug_macro   0x00000f25      0x301 out/libs/lpc_chip_43xx/src/sysinit_18xx_43xx.o
 .debug_macro   0x00001226      0x301 out/libs/lpc_chip_43xx/src/uart_18xx_43xx.o
 .debug_macro   0x00001527      0x499 out/libs/lpc_board_ciaa_edu_4337/src/board.o
 .debug_macro   0x000019c0       0x46 out/libs/lpc_board_ciaa_edu_4337/src/board.o
 .debug_macro   0x00001a06       0x16 out/libs/lpc_board_ciaa_edu_4337/src/board.o
 .debug_macro   0x00001a1c      0x472 out/libs/lpc_board_ciaa_edu_4337/src/board_sysinit.o
 .debug_macro   0x00001e8e       0x1d out/libs/lpc_board_ciaa_edu_4337/src/cr_startup_lpc43xx.o
 .debug_macro   0x00001eab       0x17 out/libs/lpc_board_ciaa_edu_4337/src/crp.o
 .debug_macro   0x00001ec2      0x472 out/libs/lpc_board_ciaa_edu_4337/src/sysinit.o
 .debug_macro   0x00002334      0x4a3 out/libs/sapi/src/sapi_board.o
 .debug_macro   0x000027d7      0x47b out/libs/sapi/src/sapi_datatypes.o
 .debug_macro   0x00002c52      0x494 out/libs/sapi/src/sapi_delay.o
 .debug_macro   0x000030e6       0x10 out/libs/sapi/src/sapi_delay.o
 .debug_macro   0x000030f6      0x48f out/libs/sapi/src/sapi_gpio.o
 .debug_macro   0x00003585      0x485 out/libs/sapi/src/sapi_tick.o
 .debug_macro   0x00003a0a      0x49b out/libs/sapi/src/sapi_timer.o
 .debug_macro   0x00003ea5      0x4d1 out/libs/sapi/src/sapi_uart.o

.debug_line     0x00000000     0x8c45
 .debug_line    0x00000000      0x932 out/app/src/programa.o
 .debug_line    0x00000932      0x6bd out/libs/lpc_chip_43xx/src/chip_18xx_43xx.o
 .debug_line    0x00000fef      0xa93 out/libs/lpc_chip_43xx/src/clock_18xx_43xx.o
 .debug_line    0x00001a82      0x279 out/libs/lpc_chip_43xx/src/fpu_init.o
 .debug_line    0x00001cfb      0x6e5 out/libs/lpc_chip_43xx/src/gpio_18xx_43xx.o
 .debug_line    0x000023e0      0x733 out/libs/lpc_chip_43xx/src/sysinit_18xx_43xx.o
 .debug_line    0x00002b13      0x95b out/libs/lpc_chip_43xx/src/uart_18xx_43xx.o
 .debug_line    0x0000346e      0x977 out/libs/lpc_board_ciaa_edu_4337/src/board.o
 .debug_line    0x00003de5      0x830 out/libs/lpc_board_ciaa_edu_4337/src/board_sysinit.o
 .debug_line    0x00004615       0xe0 out/libs/lpc_board_ciaa_edu_4337/src/cr_startup_lpc43xx.o
 .debug_line    0x000046f5       0x47 out/libs/lpc_board_ciaa_edu_4337/src/crp.o
 .debug_line    0x0000473c      0x7d0 out/libs/lpc_board_ciaa_edu_4337/src/sysinit.o
 .debug_line    0x00004f0c      0x843 out/libs/sapi/src/sapi_board.o
 .debug_line    0x0000574f      0x7e3 out/libs/sapi/src/sapi_datatypes.o
 .debug_line    0x00005f32      0x883 out/libs/sapi/src/sapi_delay.o
 .debug_line    0x000067b5      0x8ef out/libs/sapi/src/sapi_gpio.o
 .debug_line    0x000070a4      0x845 out/libs/sapi/src/sapi_tick.o
 .debug_line    0x000078e9      0x9da out/libs/sapi/src/sapi_timer.o
 .debug_line    0x000082c3      0x982 out/libs/sapi/src/sapi_uart.o

.debug_str      0x00000000    0x1bd48
 .debug_str     0x00000000    0x18c85 out/app/src/programa.o
                              0x18f39 (size before relaxing)
 .debug_str     0x00018c85      0xdc3 out/libs/lpc_chip_43xx/src/chip_18xx_43xx.o
                              0x15606 (size before relaxing)
 .debug_str     0x00019a48      0x55c out/libs/lpc_chip_43xx/src/clock_18xx_43xx.o
                              0x15ac8 (size before relaxing)
 .debug_str     0x00019fa4       0xc5 out/libs/lpc_chip_43xx/src/fpu_init.o
                               0x90c3 (size before relaxing)
 .debug_str     0x0001a069      0x14a out/libs/lpc_chip_43xx/src/gpio_18xx_43xx.o
                              0x14954 (size before relaxing)
 .debug_str     0x0001a1b3       0xf7 out/libs/lpc_chip_43xx/src/sysinit_18xx_43xx.o
                              0x15564 (size before relaxing)
 .debug_str     0x0001a2aa      0x46e out/libs/lpc_chip_43xx/src/uart_18xx_43xx.o
                              0x15716 (size before relaxing)
 .debug_str     0x0001a718      0x57d out/libs/lpc_board_ciaa_edu_4337/src/board.o
                              0x19c08 (size before relaxing)
 .debug_str     0x0001ac95       0xdf out/libs/lpc_board_ciaa_edu_4337/src/board_sysinit.o
                              0x197b2 (size before relaxing)
 .debug_str     0x0001ad74      0x20c out/libs/lpc_board_ciaa_edu_4337/src/cr_startup_lpc43xx.o
                               0x275a (size before relaxing)
 .debug_str     0x0001af80       0x46 out/libs/lpc_board_ciaa_edu_4337/src/crp.o
                               0x2570 (size before relaxing)
 .debug_str     0x0001afc6       0x35 out/libs/lpc_board_ciaa_edu_4337/src/sysinit.o
                              0x189d9 (size before relaxing)
 .debug_str     0x0001affb       0x95 out/libs/sapi/src/sapi_board.o
                              0x18c0e (size before relaxing)
 .debug_str     0x0001b090       0x37 out/libs/sapi/src/sapi_datatypes.o
                              0x18a11 (size before relaxing)
 .debug_str     0x0001b0c7       0xc8 out/libs/sapi/src/sapi_delay.o
                              0x18b12 (size before relaxing)
 .debug_str     0x0001b18f       0xfe out/libs/sapi/src/sapi_gpio.o
                              0x197fb (size before relaxing)
 .debug_str     0x0001b28d      0x457 out/libs/sapi/src/sapi_tick.o
                              0x198fd (size before relaxing)
 .debug_str     0x0001b6e4      0x3fd out/libs/sapi/src/sapi_timer.o
                              0x19c45 (size before relaxing)
 .debug_str     0x0001bae1      0x267 out/libs/sapi/src/sapi_uart.o
                              0x18ed6 (size before relaxing)

.comment        0x00000000       0x7f
 .comment       0x00000000       0x7f out/app/src/programa.o
                                 0x80 (size before relaxing)
 .comment       0x0000007f       0x80 out/libs/lpc_chip_43xx/src/chip_18xx_43xx.o
 .comment       0x0000007f       0x80 out/libs/lpc_chip_43xx/src/clock_18xx_43xx.o
 .comment       0x0000007f       0x80 out/libs/lpc_chip_43xx/src/fpu_init.o
 .comment       0x0000007f       0x80 out/libs/lpc_chip_43xx/src/gpio_18xx_43xx.o
 .comment       0x0000007f       0x80 out/libs/lpc_chip_43xx/src/sysinit_18xx_43xx.o
 .comment       0x0000007f       0x80 out/libs/lpc_chip_43xx/src/uart_18xx_43xx.o
 .comment       0x0000007f       0x80 out/libs/lpc_board_ciaa_edu_4337/src/board.o
 .comment       0x0000007f       0x80 out/libs/lpc_board_ciaa_edu_4337/src/board_sysinit.o
 .comment       0x0000007f       0x80 out/libs/lpc_board_ciaa_edu_4337/src/cr_startup_lpc43xx.o
 .comment       0x0000007f       0x80 out/libs/lpc_board_ciaa_edu_4337/src/crp.o
 .comment       0x0000007f       0x80 out/libs/lpc_board_ciaa_edu_4337/src/sysinit.o
 .comment       0x0000007f       0x80 out/libs/sapi/src/sapi_board.o
 .comment       0x0000007f       0x80 out/libs/sapi/src/sapi_datatypes.o
 .comment       0x0000007f       0x80 out/libs/sapi/src/sapi_delay.o
 .comment       0x0000007f       0x80 out/libs/sapi/src/sapi_gpio.o
 .comment       0x0000007f       0x80 out/libs/sapi/src/sapi_tick.o
 .comment       0x0000007f       0x80 out/libs/sapi/src/sapi_timer.o
 .comment       0x0000007f       0x80 out/libs/sapi/src/sapi_uart.o

.ARM.attributes
                0x00000000       0x39
 .ARM.attributes
                0x00000000       0x39 out/app/src/programa.o
 .ARM.attributes
                0x00000039       0x39 out/libs/lpc_chip_43xx/src/chip_18xx_43xx.o
 .ARM.attributes
                0x00000072       0x39 out/libs/lpc_chip_43xx/src/clock_18xx_43xx.o
 .ARM.attributes
                0x000000ab       0x39 out/libs/lpc_chip_43xx/src/fpu_init.o
 .ARM.attributes
                0x000000e4       0x39 out/libs/lpc_chip_43xx/src/gpio_18xx_43xx.o
 .ARM.attributes
                0x0000011d       0x39 out/libs/lpc_chip_43xx/src/sysinit_18xx_43xx.o
 .ARM.attributes
                0x00000156       0x39 out/libs/lpc_chip_43xx/src/uart_18xx_43xx.o
 .ARM.attributes
                0x0000018f       0x39 out/libs/lpc_board_ciaa_edu_4337/src/board.o
 .ARM.attributes
                0x000001c8       0x39 out/libs/lpc_board_ciaa_edu_4337/src/board_sysinit.o
 .ARM.attributes
                0x00000201       0x39 out/libs/lpc_board_ciaa_edu_4337/src/cr_startup_lpc43xx.o
 .ARM.attributes
                0x0000023a       0x39 out/libs/lpc_board_ciaa_edu_4337/src/crp.o
 .ARM.attributes
                0x00000273       0x39 out/libs/lpc_board_ciaa_edu_4337/src/sysinit.o
 .ARM.attributes
                0x000002ac       0x39 out/libs/sapi/src/sapi_board.o
 .ARM.attributes
                0x000002e5       0x39 out/libs/sapi/src/sapi_datatypes.o
 .ARM.attributes
                0x0000031e       0x39 out/libs/sapi/src/sapi_delay.o
 .ARM.attributes
                0x00000357       0x39 out/libs/sapi/src/sapi_gpio.o
 .ARM.attributes
                0x00000390       0x39 out/libs/sapi/src/sapi_tick.o
 .ARM.attributes
                0x000003c9       0x39 out/libs/sapi/src/sapi_timer.o
 .ARM.attributes
                0x00000402       0x39 out/libs/sapi/src/sapi_uart.o
 .ARM.attributes
                0x0000043b       0x22 c:/ciaa/embeddedide/gcc-arm-embedded/bin/../lib/gcc/arm-none-eabi/6.3.1/thumb/v7e-m/fpv4-sp/hard\libgcc.a(_aeabi_uldivmod.o)
 .ARM.attributes
                0x0000045d       0x34 c:/ciaa/embeddedide/gcc-arm-embedded/bin/../lib/gcc/arm-none-eabi/6.3.1/thumb/v7e-m/fpv4-sp/hard\libgcc.a(_udivmoddi4.o)
 .ARM.attributes
                0x00000491       0x22 c:/ciaa/embeddedide/gcc-arm-embedded/bin/../lib/gcc/arm-none-eabi/6.3.1/thumb/v7e-m/fpv4-sp/hard\libgcc.a(_dvmd_tls.o)
 .ARM.attributes
                0x000004b3       0x34 c:/ciaa/embeddedide/gcc-arm-embedded/bin/../lib/gcc/arm-none-eabi/6.3.1/../../../../arm-none-eabi/lib/thumb/v7e-m/fpv4-sp/hard\libc_nano.a(lib_a-memset.o)

.debug_frame    0x00000000      0xe14
 .debug_frame   0x00000000       0x28 out/app/src/programa.o
 .debug_frame   0x00000028       0x70 out/libs/lpc_chip_43xx/src/chip_18xx_43xx.o
 .debug_frame   0x00000098      0x314 out/libs/lpc_chip_43xx/src/clock_18xx_43xx.o
 .debug_frame   0x000003ac       0x2c out/libs/lpc_chip_43xx/src/fpu_init.o
 .debug_frame   0x000003d8       0x88 out/libs/lpc_chip_43xx/src/gpio_18xx_43xx.o
 .debug_frame   0x00000460       0x7c out/libs/lpc_chip_43xx/src/sysinit_18xx_43xx.o
 .debug_frame   0x000004dc      0x1f4 out/libs/lpc_chip_43xx/src/uart_18xx_43xx.o
 .debug_frame   0x000006d0      0x138 out/libs/lpc_board_ciaa_edu_4337/src/board.o
 .debug_frame   0x00000808       0x5c out/libs/lpc_board_ciaa_edu_4337/src/board_sysinit.o
 .debug_frame   0x00000864       0xf4 out/libs/lpc_board_ciaa_edu_4337/src/cr_startup_lpc43xx.o
 .debug_frame   0x00000958       0x28 out/libs/lpc_board_ciaa_edu_4337/src/sysinit.o
 .debug_frame   0x00000980       0x28 out/libs/sapi/src/sapi_board.o
 .debug_frame   0x000009a8       0x20 out/libs/sapi/src/sapi_datatypes.o
 .debug_frame   0x000009c8       0xbc out/libs/sapi/src/sapi_delay.o
 .debug_frame   0x00000a84       0xa4 out/libs/sapi/src/sapi_gpio.o
 .debug_frame   0x00000b28       0x60 out/libs/sapi/src/sapi_tick.o
 .debug_frame   0x00000b88      0x134 out/libs/sapi/src/sapi_timer.o
 .debug_frame   0x00000cbc       0xd8 out/libs/sapi/src/sapi_uart.o
 .debug_frame   0x00000d94       0x2c c:/ciaa/embeddedide/gcc-arm-embedded/bin/../lib/gcc/arm-none-eabi/6.3.1/thumb/v7e-m/fpv4-sp/hard\libgcc.a(_aeabi_uldivmod.o)
 .debug_frame   0x00000dc0       0x34 c:/ciaa/embeddedide/gcc-arm-embedded/bin/../lib/gcc/arm-none-eabi/6.3.1/thumb/v7e-m/fpv4-sp/hard\libgcc.a(_udivmoddi4.o)
 .debug_frame   0x00000df4       0x20 c:/ciaa/embeddedide/gcc-arm-embedded/bin/../lib/gcc/arm-none-eabi/6.3.1/../../../../arm-none-eabi/lib/thumb/v7e-m/fpv4-sp/hard\libc_nano.a(lib_a-memset.o)

.debug_loc      0x00000000     0x4410
 .debug_loc     0x00000000     0x1295 out/libs/lpc_chip_43xx/src/clock_18xx_43xx.o
 .debug_loc     0x00001295       0x2b out/libs/lpc_chip_43xx/src/fpu_init.o
 .debug_loc     0x000012c0      0x3d8 out/libs/lpc_chip_43xx/src/gpio_18xx_43xx.o
 .debug_loc     0x00001698      0x14d out/libs/lpc_chip_43xx/src/sysinit_18xx_43xx.o
 .debug_loc     0x000017e5      0xd25 out/libs/lpc_chip_43xx/src/uart_18xx_43xx.o
 .debug_loc     0x0000250a      0x5e2 out/libs/lpc_board_ciaa_edu_4337/src/board.o
 .debug_loc     0x00002aec       0xc3 out/libs/lpc_board_ciaa_edu_4337/src/board_sysinit.o
 .debug_loc     0x00002baf      0x206 out/libs/lpc_board_ciaa_edu_4337/src/cr_startup_lpc43xx.o
 .debug_loc     0x00002db5       0x21 out/libs/sapi/src/sapi_datatypes.o
 .debug_loc     0x00002dd6      0x1af out/libs/sapi/src/sapi_delay.o
 .debug_loc     0x00002f85      0x60e out/libs/sapi/src/sapi_gpio.o
 .debug_loc     0x00003593      0x129 out/libs/sapi/src/sapi_tick.o
 .debug_loc     0x000036bc      0x7c0 out/libs/sapi/src/sapi_timer.o
 .debug_loc     0x00003e7c      0x594 out/libs/sapi/src/sapi_uart.o

Cross Reference Table

Symbol                                            File
ADC0_IRQHandler                                   out/libs/lpc_board_ciaa_edu_4337/src/cr_startup_lpc43xx.o
ADC1_IRQHandler                                   out/libs/lpc_board_ciaa_edu_4337/src/cr_startup_lpc43xx.o
ADCHS_IRQHandler                                  out/libs/lpc_board_ciaa_edu_4337/src/cr_startup_lpc43xx.o
ATIMER_IRQHandler                                 out/libs/lpc_board_ciaa_edu_4337/src/cr_startup_lpc43xx.o
Board_DAC_Init                                    out/libs/lpc_board_ciaa_edu_4337/src/board.o
Board_Debug_Init                                  out/libs/lpc_board_ciaa_edu_4337/src/board.o
Board_ENET_GetMacADDR                             out/libs/lpc_board_ciaa_edu_4337/src/board.o
Board_I2C_Init                                    out/libs/lpc_board_ciaa_edu_4337/src/board.o
Board_Init                                        out/libs/lpc_board_ciaa_edu_4337/src/board.o
                                                  out/libs/sapi/src/sapi_board.o
Board_LED_Set                                     out/libs/lpc_board_ciaa_edu_4337/src/board.o
Board_LED_Test                                    out/libs/lpc_board_ciaa_edu_4337/src/board.o
Board_LED_Toggle                                  out/libs/lpc_board_ciaa_edu_4337/src/board.o
Board_SDMMC_Init                                  out/libs/lpc_board_ciaa_edu_4337/src/board.o
Board_SSP_Init                                    out/libs/lpc_board_ciaa_edu_4337/src/board.o
Board_SetupClocking                               out/libs/lpc_board_ciaa_edu_4337/src/board_sysinit.o
Board_SetupMuxing                                 out/libs/lpc_board_ciaa_edu_4337/src/board_sysinit.o
Board_SystemInit                                  out/libs/lpc_board_ciaa_edu_4337/src/board_sysinit.o
                                                  out/libs/lpc_board_ciaa_edu_4337/src/sysinit.o
Board_UARTGetChar                                 out/libs/lpc_board_ciaa_edu_4337/src/board.o
                                                  out/libs/lpc_board_ciaa_edu_4337/src/system.o
Board_UARTPutChar                                 out/libs/lpc_board_ciaa_edu_4337/src/board.o
                                                  out/libs/lpc_board_ciaa_edu_4337/src/system.o
Board_UARTPutSTR                                  out/libs/lpc_board_ciaa_edu_4337/src/board.o
Board_UART_Init                                   out/libs/lpc_board_ciaa_edu_4337/src/board.o
BusFault_Handler                                  out/libs/lpc_board_ciaa_edu_4337/src/cr_startup_lpc43xx.o
CAN0_IRQHandler                                   out/libs/lpc_board_ciaa_edu_4337/src/cr_startup_lpc43xx.o
CAN1_IRQHandler                                   out/libs/lpc_board_ciaa_edu_4337/src/cr_startup_lpc43xx.o
CRP_WORD                                          out/libs/lpc_board_ciaa_edu_4337/src/crp.o
Chip_ADC_DeInit                                   out/libs/lpc_chip_43xx/src/adc_18xx_43xx.o
                                                  out/libs/sapi/src/sapi_adc.o
Chip_ADC_EnableChannel                            out/libs/lpc_chip_43xx/src/adc_18xx_43xx.o
                                                  out/libs/sapi/src/sapi_adc.o
Chip_ADC_Init                                     out/libs/lpc_chip_43xx/src/adc_18xx_43xx.o
                                                  out/libs/sapi/src/sapi_adc.o
Chip_ADC_Int_SetChannelCmd                        out/libs/lpc_chip_43xx/src/adc_18xx_43xx.o
                                                  out/libs/sapi/src/sapi_adc.o
Chip_ADC_ReadByte                                 out/libs/lpc_chip_43xx/src/adc_18xx_43xx.o
Chip_ADC_ReadStatus                               out/libs/lpc_chip_43xx/src/adc_18xx_43xx.o
                                                  out/libs/sapi/src/sapi_adc.o
Chip_ADC_ReadValue                                out/libs/lpc_chip_43xx/src/adc_18xx_43xx.o
                                                  out/libs/sapi/src/sapi_adc.o
Chip_ADC_SetBurstCmd                              out/libs/lpc_chip_43xx/src/adc_18xx_43xx.o
                                                  out/libs/sapi/src/sapi_adc.o
Chip_ADC_SetResolution                            out/libs/lpc_chip_43xx/src/adc_18xx_43xx.o
Chip_ADC_SetSampleRate                            out/libs/lpc_chip_43xx/src/adc_18xx_43xx.o
                                                  out/libs/sapi/src/sapi_adc.o
Chip_ADC_SetStartMode                             out/libs/lpc_chip_43xx/src/adc_18xx_43xx.o
                                                  out/libs/sapi/src/sapi_adc.o
Chip_AES_Config_DMA                               out/libs/lpc_chip_43xx/src/aes_18xx_43xx.o
Chip_AES_GetStatusDMA                             out/libs/lpc_chip_43xx/src/aes_18xx_43xx.o
Chip_AES_Init                                     out/libs/lpc_chip_43xx/src/aes_18xx_43xx.o
Chip_AES_LoadIV_IC                                out/libs/lpc_chip_43xx/src/aes_18xx_43xx.o
Chip_AES_LoadIV_SW                                out/libs/lpc_chip_43xx/src/aes_18xx_43xx.o
Chip_AES_LoadKey                                  out/libs/lpc_chip_43xx/src/aes_18xx_43xx.o
Chip_AES_LoadKeyRNG                               out/libs/lpc_chip_43xx/src/aes_18xx_43xx.o
Chip_AES_LoadKeySW                                out/libs/lpc_chip_43xx/src/aes_18xx_43xx.o
Chip_AES_Operate                                  out/libs/lpc_chip_43xx/src/aes_18xx_43xx.o
Chip_AES_OperateDMA                               out/libs/lpc_chip_43xx/src/aes_18xx_43xx.o
Chip_AES_ProgramKey                               out/libs/lpc_chip_43xx/src/aes_18xx_43xx.o
Chip_AES_SetMode                                  out/libs/lpc_chip_43xx/src/aes_18xx_43xx.o
Chip_ATIMER_DeInit                                out/libs/lpc_chip_43xx/src/atimer_18xx_43xx.o
Chip_ATIMER_Init                                  out/libs/lpc_chip_43xx/src/atimer_18xx_43xx.o
Chip_CCAN_AddReceiveID                            out/libs/lpc_chip_43xx/src/ccan_18xx_43xx.o
Chip_CCAN_ClearStatus                             out/libs/lpc_chip_43xx/src/ccan_18xx_43xx.o
Chip_CCAN_DeInit                                  out/libs/lpc_chip_43xx/src/ccan_18xx_43xx.o
Chip_CCAN_DeleteReceiveID                         out/libs/lpc_chip_43xx/src/ccan_18xx_43xx.o
Chip_CCAN_GetMsgObject                            out/libs/lpc_chip_43xx/src/ccan_18xx_43xx.o
Chip_CCAN_Init                                    out/libs/lpc_chip_43xx/src/ccan_18xx_43xx.o
Chip_CCAN_Send                                    out/libs/lpc_chip_43xx/src/ccan_18xx_43xx.o
Chip_CCAN_SetBitRate                              out/libs/lpc_chip_43xx/src/ccan_18xx_43xx.o
Chip_CCAN_SetMsgObject                            out/libs/lpc_chip_43xx/src/ccan_18xx_43xx.o
Chip_CCAN_SetValidMsg                             out/libs/lpc_chip_43xx/src/ccan_18xx_43xx.o
Chip_CCAN_TransferMsgObject                       out/libs/lpc_chip_43xx/src/ccan_18xx_43xx.o
Chip_Clock_CalcMainPLLValue                       out/libs/lpc_chip_43xx/src/clock_18xx_43xx.o
                                                  out/libs/lpc_chip_43xx/src/sysinit_18xx_43xx.o
Chip_Clock_ClearPowerDown                         out/libs/lpc_chip_43xx/src/clock_18xx_43xx.o
Chip_Clock_Disable                                out/libs/lpc_chip_43xx/src/clock_18xx_43xx.o
                                                  out/libs/lpc_chip_43xx/src/uart_18xx_43xx.o
                                                  out/libs/lpc_chip_43xx/src/timer_18xx_43xx.o
                                                  out/libs/lpc_chip_43xx/src/ssp_18xx_43xx.o
                                                  out/libs/lpc_chip_43xx/src/spi_18xx_43xx.o
                                                  out/libs/lpc_chip_43xx/src/sdif_18xx_43xx.o
                                                  out/libs/lpc_chip_43xx/src/sct_18xx_43xx.o
                                                  out/libs/lpc_chip_43xx/src/ritimer_18xx_43xx.o
                                                  out/libs/lpc_chip_43xx/src/lcd_18xx_43xx.o
                                                  out/libs/lpc_chip_43xx/src/i2s_18xx_43xx.o
                                                  out/libs/lpc_chip_43xx/src/i2cm_18xx_43xx.o
                                                  out/libs/lpc_chip_43xx/src/i2c_18xx_43xx.o
                                                  out/libs/lpc_chip_43xx/src/hsadc_18xx_43xx.o
                                                  out/libs/lpc_chip_43xx/src/gpdma_18xx_43xx.o
                                                  out/libs/lpc_chip_43xx/src/enet_18xx_43xx.o
                                                  out/libs/lpc_chip_43xx/src/dac_18xx_43xx.o
                                                  out/libs/lpc_chip_43xx/src/ccan_18xx_43xx.o
                                                  out/libs/lpc_chip_43xx/src/adc_18xx_43xx.o
Chip_Clock_DisableBaseClock                       out/libs/lpc_chip_43xx/src/clock_18xx_43xx.o
Chip_Clock_DisableCrystal                         out/libs/lpc_chip_43xx/src/clock_18xx_43xx.o
Chip_Clock_DisablePLL                             out/libs/lpc_chip_43xx/src/clock_18xx_43xx.o
Chip_Clock_Enable                                 out/libs/lpc_chip_43xx/src/clock_18xx_43xx.o
                                                  out/libs/lpc_chip_43xx/src/timer_18xx_43xx.o
                                                  out/libs/lpc_chip_43xx/src/ssp_18xx_43xx.o
                                                  out/libs/lpc_chip_43xx/src/spi_18xx_43xx.o
                                                  out/libs/lpc_chip_43xx/src/i2s_18xx_43xx.o
                                                  out/libs/lpc_chip_43xx/src/i2cm_18xx_43xx.o
                                                  out/libs/lpc_chip_43xx/src/i2c_18xx_43xx.o
                                                  out/libs/lpc_chip_43xx/src/hsadc_18xx_43xx.o
Chip_Clock_EnableBaseClock                        out/libs/lpc_chip_43xx/src/clock_18xx_43xx.o
                                                  out/libs/lpc_chip_43xx/src/chip_18xx_43xx.o
Chip_Clock_EnableCrystal                          out/libs/lpc_chip_43xx/src/clock_18xx_43xx.o
                                                  out/libs/lpc_chip_43xx/src/sysinit_18xx_43xx.o
Chip_Clock_EnableOpts                             out/libs/lpc_chip_43xx/src/clock_18xx_43xx.o
                                                  out/libs/lpc_chip_43xx/src/uart_18xx_43xx.o
                                                  out/libs/lpc_chip_43xx/src/sdif_18xx_43xx.o
                                                  out/libs/lpc_chip_43xx/src/sct_18xx_43xx.o
                                                  out/libs/lpc_chip_43xx/src/ritimer_18xx_43xx.o
                                                  out/libs/lpc_chip_43xx/src/lcd_18xx_43xx.o
                                                  out/libs/lpc_chip_43xx/src/hsadc_18xx_43xx.o
                                                  out/libs/lpc_chip_43xx/src/gpdma_18xx_43xx.o
                                                  out/libs/lpc_chip_43xx/src/enet_18xx_43xx.o
                                                  out/libs/lpc_chip_43xx/src/dac_18xx_43xx.o
                                                  out/libs/lpc_chip_43xx/src/chip_18xx_43xx.o
                                                  out/libs/lpc_chip_43xx/src/ccan_18xx_43xx.o
                                                  out/libs/lpc_chip_43xx/src/adc_18xx_43xx.o
Chip_Clock_EnablePLL                              out/libs/lpc_chip_43xx/src/clock_18xx_43xx.o
                                                  out/libs/lpc_chip_43xx/src/chip_18xx_43xx.o
Chip_Clock_GetBaseClock                           out/libs/lpc_chip_43xx/src/clock_18xx_43xx.o
Chip_Clock_GetBaseClockOpts                       out/libs/lpc_chip_43xx/src/clock_18xx_43xx.o
Chip_Clock_GetBaseClocktHz                        out/libs/lpc_chip_43xx/src/clock_18xx_43xx.o
                                                  out/libs/lpc_chip_43xx/src/sdmmc_18xx_43xx.o
                                                  out/libs/lpc_chip_43xx/src/sdio_18xx_43xx.o
Chip_Clock_GetClockInputHz                        out/libs/lpc_chip_43xx/src/clock_18xx_43xx.o
                                                  out/libs/lpc_chip_43xx/src/chip_18xx_43xx.o
Chip_Clock_GetDividerDivisor                      out/libs/lpc_chip_43xx/src/clock_18xx_43xx.o
Chip_Clock_GetDividerSource                       out/libs/lpc_chip_43xx/src/clock_18xx_43xx.o
Chip_Clock_GetEMCRate                             out/libs/lpc_chip_43xx/src/clock_18xx_43xx.o
                                                  out/libs/lpc_chip_43xx/src/emc_18xx_43xx.o
Chip_Clock_GetMainPLLHz                           out/libs/lpc_chip_43xx/src/clock_18xx_43xx.o
Chip_Clock_GetPLLStatus                           out/libs/lpc_chip_43xx/src/clock_18xx_43xx.o
                                                  out/libs/lpc_chip_43xx/src/chip_18xx_43xx.o
Chip_Clock_GetRate                                out/libs/lpc_chip_43xx/src/clock_18xx_43xx.o
                                                  out/libs/lpc_chip_43xx/src/uart_18xx_43xx.o
                                                  out/libs/lpc_chip_43xx/src/stopwatch_18xx_43xx.o
                                                  out/libs/lpc_chip_43xx/src/ssp_18xx_43xx.o
                                                  out/libs/lpc_chip_43xx/src/spi_18xx_43xx.o
                                                  out/libs/lpc_chip_43xx/src/sct_pwm_18xx_43xx.o
                                                  out/libs/lpc_chip_43xx/src/ritimer_18xx_43xx.o
                                                  out/libs/lpc_chip_43xx/src/i2s_18xx_43xx.o
                                                  out/libs/lpc_chip_43xx/src/i2cm_18xx_43xx.o
                                                  out/libs/lpc_chip_43xx/src/i2c_18xx_43xx.o
                                                  out/libs/lpc_chip_43xx/src/hsadc_18xx_43xx.o
                                                  out/libs/lpc_chip_43xx/src/eeprom_18xx_43xx.o
                                                  out/libs/lpc_chip_43xx/src/chip_18xx_43xx.o
                                                  out/libs/lpc_chip_43xx/src/ccan_18xx_43xx.o
                                                  out/libs/lpc_chip_43xx/src/adc_18xx_43xx.o
Chip_Clock_IsBaseClockEnabled                     out/libs/lpc_chip_43xx/src/clock_18xx_43xx.o
Chip_Clock_RTCEnable                              out/libs/lpc_chip_43xx/src/clock_18xx_43xx.o
                                                  out/libs/lpc_chip_43xx/src/rtc_18xx_43xx.o
Chip_Clock_SetBaseClock                           out/libs/lpc_chip_43xx/src/clock_18xx_43xx.o
                                                  out/libs/lpc_board_ciaa_edu_4337/src/board_sysinit.o
                                                  out/libs/lpc_chip_43xx/src/sysinit_18xx_43xx.o
                                                  out/libs/lpc_chip_43xx/src/chip_18xx_43xx.o
Chip_Clock_SetDivider                             out/libs/lpc_chip_43xx/src/clock_18xx_43xx.o
                                                  out/libs/lpc_chip_43xx/src/chip_18xx_43xx.o
Chip_Clock_SetupMainPLLHz                         out/libs/lpc_chip_43xx/src/clock_18xx_43xx.o
Chip_Clock_SetupMainPLLMult                       out/libs/lpc_chip_43xx/src/clock_18xx_43xx.o
Chip_Clock_SetupPLL                               out/libs/lpc_chip_43xx/src/clock_18xx_43xx.o
                                                  out/libs/lpc_chip_43xx/src/chip_18xx_43xx.o
Chip_Clock_StartPowerDown                         out/libs/lpc_chip_43xx/src/clock_18xx_43xx.o
Chip_DAC_DeInit                                   out/libs/lpc_chip_43xx/src/dac_18xx_43xx.o
                                                  out/libs/sapi/src/sapi_dac.o
Chip_DAC_Init                                     out/libs/lpc_chip_43xx/src/dac_18xx_43xx.o
                                                  out/libs/sapi/src/sapi_dac.o
Chip_DAC_SetBias                                  out/libs/lpc_chip_43xx/src/dac_18xx_43xx.o
Chip_DAC_UpdateValue                              out/libs/lpc_chip_43xx/src/dac_18xx_43xx.o
                                                  out/libs/sapi/src/sapi_dac.o
Chip_EEPROM_EraseProgramPage                      out/libs/lpc_chip_43xx/src/eeprom_18xx_43xx.o
Chip_EEPROM_Init                                  out/libs/lpc_chip_43xx/src/eeprom_18xx_43xx.o
Chip_EEPROM_WaitForIntStatus                      out/libs/lpc_chip_43xx/src/eeprom_18xx_43xx.o
Chip_EMC_Dynamic_Enable                           out/libs/lpc_chip_43xx/src/emc_18xx_43xx.o
Chip_EMC_Dynamic_Init                             out/libs/lpc_chip_43xx/src/emc_18xx_43xx.o
Chip_EMC_Enable                                   out/libs/lpc_chip_43xx/src/emc_18xx_43xx.o
Chip_EMC_Init                                     out/libs/lpc_chip_43xx/src/emc_18xx_43xx.o
Chip_EMC_LowPowerMode                             out/libs/lpc_chip_43xx/src/emc_18xx_43xx.o
Chip_EMC_Mirror                                   out/libs/lpc_chip_43xx/src/emc_18xx_43xx.o
Chip_EMC_Static_Init                              out/libs/lpc_chip_43xx/src/emc_18xx_43xx.o
Chip_ENET_DeInit                                  out/libs/lpc_chip_43xx/src/enet_18xx_43xx.o
Chip_ENET_Init                                    out/libs/lpc_chip_43xx/src/enet_18xx_43xx.o
Chip_ENET_SetDuplex                               out/libs/lpc_chip_43xx/src/enet_18xx_43xx.o
Chip_ENET_SetSpeed                                out/libs/lpc_chip_43xx/src/enet_18xx_43xx.o
Chip_ENET_SetupMII                                out/libs/lpc_chip_43xx/src/enet_18xx_43xx.o
Chip_ENET_StartMIIRead                            out/libs/lpc_chip_43xx/src/enet_18xx_43xx.o
Chip_ENET_StartMIIWrite                           out/libs/lpc_chip_43xx/src/enet_18xx_43xx.o
Chip_EVRT_ConfigIntSrcActiveType                  out/libs/lpc_chip_43xx/src/evrt_18xx_43xx.o
Chip_EVRT_Init                                    out/libs/lpc_chip_43xx/src/evrt_18xx_43xx.o
Chip_EVRT_IsSourceInterrupting                    out/libs/lpc_chip_43xx/src/evrt_18xx_43xx.o
Chip_EVRT_SetUpIntSrc                             out/libs/lpc_chip_43xx/src/evrt_18xx_43xx.o
Chip_GPDMA_ChannelCmd                             out/libs/lpc_chip_43xx/src/gpdma_18xx_43xx.o
Chip_GPDMA_ClearIntPending                        out/libs/lpc_chip_43xx/src/gpdma_18xx_43xx.o
Chip_GPDMA_DeInit                                 out/libs/lpc_chip_43xx/src/gpdma_18xx_43xx.o
Chip_GPDMA_GetFreeChannel                         out/libs/lpc_chip_43xx/src/gpdma_18xx_43xx.o
Chip_GPDMA_Init                                   out/libs/lpc_chip_43xx/src/gpdma_18xx_43xx.o
Chip_GPDMA_InitChannelCfg                         out/libs/lpc_chip_43xx/src/gpdma_18xx_43xx.o
Chip_GPDMA_IntGetStatus                           out/libs/lpc_chip_43xx/src/gpdma_18xx_43xx.o
Chip_GPDMA_Interrupt                              out/libs/lpc_chip_43xx/src/gpdma_18xx_43xx.o
Chip_GPDMA_PrepareDescriptor                      out/libs/lpc_chip_43xx/src/gpdma_18xx_43xx.o
Chip_GPDMA_SGTransfer                             out/libs/lpc_chip_43xx/src/gpdma_18xx_43xx.o
Chip_GPDMA_Stop                                   out/libs/lpc_chip_43xx/src/gpdma_18xx_43xx.o
Chip_GPDMA_Transfer                               out/libs/lpc_chip_43xx/src/gpdma_18xx_43xx.o
Chip_GPIO_DeInit                                  out/libs/lpc_chip_43xx/src/gpio_18xx_43xx.o
Chip_GPIO_Init                                    out/libs/lpc_chip_43xx/src/gpio_18xx_43xx.o
                                                  out/libs/sapi/src/sapi_gpio.o
                                                  out/libs/lpc_board_ciaa_edu_4337/src/board.o
Chip_GPIO_SetDir                                  out/libs/lpc_chip_43xx/src/gpio_18xx_43xx.o
                                                  out/libs/sapi/src/sapi_gpio.o
Chip_GPIO_SetPinDIR                               out/libs/lpc_chip_43xx/src/gpio_18xx_43xx.o
Chip_GPIO_SetPortDIR                              out/libs/lpc_chip_43xx/src/gpio_18xx_43xx.o
Chip_GPIO_WriteDirBit                             out/libs/lpc_chip_43xx/src/gpio_18xx_43xx.o
Chip_HSADC_DeInit                                 out/libs/lpc_chip_43xx/src/hsadc_18xx_43xx.o
Chip_HSADC_Init                                   out/libs/lpc_chip_43xx/src/hsadc_18xx_43xx.o
Chip_HSADC_SetACDCBias                            out/libs/lpc_chip_43xx/src/hsadc_18xx_43xx.o
Chip_HSADC_SetPowerSpeed                          out/libs/lpc_chip_43xx/src/hsadc_18xx_43xx.o
Chip_HSADC_SetSpeed                               out/libs/lpc_chip_43xx/src/hsadc_18xx_43xx.o
Chip_HSADC_SetThrHighValue                        out/libs/lpc_chip_43xx/src/hsadc_18xx_43xx.o
Chip_HSADC_SetThrLowValue                         out/libs/lpc_chip_43xx/src/hsadc_18xx_43xx.o
Chip_HSADC_SetupFIFO                              out/libs/lpc_chip_43xx/src/hsadc_18xx_43xx.o
Chip_I2CM_DeInit                                  out/libs/lpc_chip_43xx/src/i2cm_18xx_43xx.o
Chip_I2CM_Init                                    out/libs/lpc_chip_43xx/src/i2cm_18xx_43xx.o
Chip_I2CM_Read                                    out/libs/lpc_chip_43xx/src/i2cm_18xx_43xx.o
Chip_I2CM_SetBusSpeed                             out/libs/lpc_chip_43xx/src/i2cm_18xx_43xx.o
Chip_I2CM_Write                                   out/libs/lpc_chip_43xx/src/i2cm_18xx_43xx.o
Chip_I2CM_Xfer                                    out/libs/lpc_chip_43xx/src/i2cm_18xx_43xx.o
Chip_I2CM_XferBlocking                            out/libs/lpc_chip_43xx/src/i2cm_18xx_43xx.o
                                                  out/libs/sapi/src/sapi_i2c.o
Chip_I2CM_XferHandler                             out/libs/lpc_chip_43xx/src/i2cm_18xx_43xx.o
Chip_I2C_DeInit                                   out/libs/lpc_chip_43xx/src/i2c_18xx_43xx.o
Chip_I2C_Disable                                  out/libs/lpc_chip_43xx/src/i2c_18xx_43xx.o
Chip_I2C_EventHandler                             out/libs/lpc_chip_43xx/src/i2c_18xx_43xx.o
Chip_I2C_EventHandlerPolling                      out/libs/lpc_chip_43xx/src/i2c_18xx_43xx.o
                                                  out/libs/sapi/src/sapi_i2c.o
Chip_I2C_GetClockRate                             out/libs/lpc_chip_43xx/src/i2c_18xx_43xx.o
Chip_I2C_GetMasterEventHandler                    out/libs/lpc_chip_43xx/src/i2c_18xx_43xx.o
Chip_I2C_Init                                     out/libs/lpc_chip_43xx/src/i2c_18xx_43xx.o
                                                  out/libs/sapi/src/sapi_i2c.o
Chip_I2C_IsMasterActive                           out/libs/lpc_chip_43xx/src/i2c_18xx_43xx.o
Chip_I2C_IsStateChanged                           out/libs/lpc_chip_43xx/src/i2c_18xx_43xx.o
Chip_I2C_MasterCmdRead                            out/libs/lpc_chip_43xx/src/i2c_18xx_43xx.o
Chip_I2C_MasterRead                               out/libs/lpc_chip_43xx/src/i2c_18xx_43xx.o
Chip_I2C_MasterSend                               out/libs/lpc_chip_43xx/src/i2c_18xx_43xx.o
Chip_I2C_MasterStateHandler                       out/libs/lpc_chip_43xx/src/i2c_18xx_43xx.o
Chip_I2C_MasterTransfer                           out/libs/lpc_chip_43xx/src/i2c_18xx_43xx.o
Chip_I2C_SetClockRate                             out/libs/lpc_chip_43xx/src/i2c_18xx_43xx.o
                                                  out/libs/sapi/src/sapi_i2c.o
Chip_I2C_SetMasterEventHandler                    out/libs/lpc_chip_43xx/src/i2c_18xx_43xx.o
                                                  out/libs/sapi/src/sapi_i2c.o
Chip_I2C_SlaveSetup                               out/libs/lpc_chip_43xx/src/i2c_18xx_43xx.o
Chip_I2C_SlaveStateHandler                        out/libs/lpc_chip_43xx/src/i2c_18xx_43xx.o
Chip_I2S_DMA_RxCmd                                out/libs/lpc_chip_43xx/src/i2s_18xx_43xx.o
Chip_I2S_DMA_TxCmd                                out/libs/lpc_chip_43xx/src/i2s_18xx_43xx.o
Chip_I2S_DeInit                                   out/libs/lpc_chip_43xx/src/i2s_18xx_43xx.o
Chip_I2S_Init                                     out/libs/lpc_chip_43xx/src/i2s_18xx_43xx.o
Chip_I2S_Int_RxCmd                                out/libs/lpc_chip_43xx/src/i2s_18xx_43xx.o
Chip_I2S_Int_TxCmd                                out/libs/lpc_chip_43xx/src/i2s_18xx_43xx.o
Chip_I2S_RxConfig                                 out/libs/lpc_chip_43xx/src/i2s_18xx_43xx.o
Chip_I2S_TxConfig                                 out/libs/lpc_chip_43xx/src/i2s_18xx_43xx.o
Chip_IAP_BlankCheckSector                         out/libs/lpc_chip_43xx/src/iap_18xx_43xx.o
Chip_IAP_Compare                                  out/libs/lpc_chip_43xx/src/iap_18xx_43xx.o
Chip_IAP_CopyRamToFlash                           out/libs/lpc_chip_43xx/src/iap_18xx_43xx.o
Chip_IAP_ErasePage                                out/libs/lpc_chip_43xx/src/iap_18xx_43xx.o
Chip_IAP_EraseSector                              out/libs/lpc_chip_43xx/src/iap_18xx_43xx.o
Chip_IAP_PreSectorForReadWrite                    out/libs/lpc_chip_43xx/src/iap_18xx_43xx.o
Chip_IAP_ReadBootCode                             out/libs/lpc_chip_43xx/src/iap_18xx_43xx.o
Chip_IAP_ReadPID                                  out/libs/lpc_chip_43xx/src/iap_18xx_43xx.o
Chip_IAP_ReadUID                                  out/libs/lpc_chip_43xx/src/iap_18xx_43xx.o
Chip_IAP_ReinvokeISP                              out/libs/lpc_chip_43xx/src/iap_18xx_43xx.o
Chip_IAP_SetBootFlashBank                         out/libs/lpc_chip_43xx/src/iap_18xx_43xx.o
Chip_LCD_Cursor_Config                            out/libs/lpc_chip_43xx/src/lcd_18xx_43xx.o
Chip_LCD_Cursor_WriteImage                        out/libs/lpc_chip_43xx/src/lcd_18xx_43xx.o
Chip_LCD_DeInit                                   out/libs/lpc_chip_43xx/src/lcd_18xx_43xx.o
Chip_LCD_Init                                     out/libs/lpc_chip_43xx/src/lcd_18xx_43xx.o
Chip_LCD_LoadPalette                              out/libs/lpc_chip_43xx/src/lcd_18xx_43xx.o
Chip_OTP_GenRand                                  out/libs/lpc_chip_43xx/src/otp_18xx_43xx.o
Chip_OTP_Init                                     out/libs/lpc_chip_43xx/src/otp_18xx_43xx.o
Chip_OTP_ProgBootSrc                              out/libs/lpc_chip_43xx/src/otp_18xx_43xx.o
Chip_OTP_ProgGPWord                               out/libs/lpc_chip_43xx/src/otp_18xx_43xx.o
Chip_OTP_ProgJTAGDis                              out/libs/lpc_chip_43xx/src/otp_18xx_43xx.o
Chip_OTP_ProgKey                                  out/libs/lpc_chip_43xx/src/otp_18xx_43xx.o
Chip_OTP_ProgUSBID                                out/libs/lpc_chip_43xx/src/otp_18xx_43xx.o
Chip_PMC_Set_PwrState                             out/libs/lpc_chip_43xx/src/pmc_18xx_43xx.o
Chip_PMC_Sleep                                    out/libs/lpc_chip_43xx/src/pmc_18xx_43xx.o
Chip_RIT_DeInit                                   out/libs/lpc_chip_43xx/src/ritimer_18xx_43xx.o
Chip_RIT_GetIntStatus                             out/libs/lpc_chip_43xx/src/ritimer_18xx_43xx.o
Chip_RIT_Init                                     out/libs/lpc_chip_43xx/src/ritimer_18xx_43xx.o
Chip_RIT_SetTimerInterval                         out/libs/lpc_chip_43xx/src/ritimer_18xx_43xx.o
Chip_RTC_AlarmIntConfig                           out/libs/lpc_chip_43xx/src/rtc_18xx_43xx.o
Chip_RTC_CalibCounterCmd                          out/libs/lpc_chip_43xx/src/rtc_18xx_43xx.o
Chip_RTC_CntIncrIntConfig                         out/libs/lpc_chip_43xx/src/rtc_18xx_43xx.o
Chip_RTC_DeInit                                   out/libs/lpc_chip_43xx/src/rtc_18xx_43xx.o
Chip_RTC_EV_GetFirstTimeStamp                     out/libs/lpc_chip_43xx/src/rtc_18xx_43xx.o
Chip_RTC_EV_GetLastTimeStamp                      out/libs/lpc_chip_43xx/src/rtc_18xx_43xx.o
Chip_RTC_Enable                                   out/libs/lpc_chip_43xx/src/rtc_18xx_43xx.o
                                                  out/libs/sapi/src/sapi_rtc.o
Chip_RTC_GetFullAlarmTime                         out/libs/lpc_chip_43xx/src/rtc_18xx_43xx.o
Chip_RTC_GetFullTime                              out/libs/lpc_chip_43xx/src/rtc_18xx_43xx.o
                                                  out/libs/sapi/src/sapi_rtc.o
Chip_RTC_Init                                     out/libs/lpc_chip_43xx/src/rtc_18xx_43xx.o
                                                  out/libs/sapi/src/sapi_rtc.o
Chip_RTC_ResetClockTickCounter                    out/libs/lpc_chip_43xx/src/rtc_18xx_43xx.o
Chip_RTC_SetFullAlarmTime                         out/libs/lpc_chip_43xx/src/rtc_18xx_43xx.o
Chip_RTC_SetFullTime                              out/libs/lpc_chip_43xx/src/rtc_18xx_43xx.o
                                                  out/libs/sapi/src/sapi_rtc.o
Chip_SCTPWM_SetOutPin                             out/libs/lpc_chip_43xx/src/sct_pwm_18xx_43xx.o
                                                  out/libs/sapi/src/sapi_sct.o
Chip_SCTPWM_SetRate                               out/libs/lpc_chip_43xx/src/sct_pwm_18xx_43xx.o
                                                  out/libs/sapi/src/sapi_sct.o
Chip_SCT_DeInit                                   out/libs/lpc_chip_43xx/src/sct_18xx_43xx.o
Chip_SCT_Init                                     out/libs/lpc_chip_43xx/src/sct_18xx_43xx.o
                                                  out/libs/sapi/src/sapi_sct.o
Chip_SCT_SetClrControl                            out/libs/lpc_chip_43xx/src/sct_18xx_43xx.o
Chip_SCT_SetConflictResolution                    out/libs/lpc_chip_43xx/src/sct_18xx_43xx.o
Chip_SDIF_DeInit                                  out/libs/lpc_chip_43xx/src/sdif_18xx_43xx.o
Chip_SDIF_DmaSetup                                out/libs/lpc_chip_43xx/src/sdif_18xx_43xx.o
                                                  out/libs/lpc_chip_43xx/src/sdmmc_18xx_43xx.o
                                                  out/libs/lpc_chip_43xx/src/sdio_18xx_43xx.o
Chip_SDIF_GetResponse                             out/libs/lpc_chip_43xx/src/sdif_18xx_43xx.o
                                                  out/libs/lpc_chip_43xx/src/sdmmc_18xx_43xx.o
                                                  out/libs/lpc_chip_43xx/src/sdio_18xx_43xx.o
Chip_SDIF_Init                                    out/libs/lpc_chip_43xx/src/sdif_18xx_43xx.o
Chip_SDIF_SendCmd                                 out/libs/lpc_chip_43xx/src/sdif_18xx_43xx.o
                                                  out/libs/lpc_chip_43xx/src/sdmmc_18xx_43xx.o
                                                  out/libs/lpc_chip_43xx/src/sdio_18xx_43xx.o
Chip_SDIF_SetClearIntFifo                         out/libs/lpc_chip_43xx/src/sdif_18xx_43xx.o
                                                  out/libs/lpc_chip_43xx/src/sdmmc_18xx_43xx.o
Chip_SDIF_SetClock                                out/libs/lpc_chip_43xx/src/sdif_18xx_43xx.o
                                                  out/libs/lpc_chip_43xx/src/sdmmc_18xx_43xx.o
                                                  out/libs/lpc_chip_43xx/src/sdio_18xx_43xx.o
Chip_SDMMC_Acquire                                out/libs/lpc_chip_43xx/src/sdmmc_18xx_43xx.o
Chip_SDMMC_GetDeviceBlocks                        out/libs/lpc_chip_43xx/src/sdmmc_18xx_43xx.o
Chip_SDMMC_GetDeviceSize                          out/libs/lpc_chip_43xx/src/sdmmc_18xx_43xx.o
Chip_SDMMC_GetState                               out/libs/lpc_chip_43xx/src/sdmmc_18xx_43xx.o
Chip_SDMMC_ReadBlocks                             out/libs/lpc_chip_43xx/src/sdmmc_18xx_43xx.o
Chip_SDMMC_WriteBlocks                            out/libs/lpc_chip_43xx/src/sdmmc_18xx_43xx.o
Chip_SPI_DeInit                                   out/libs/lpc_chip_43xx/src/spi_18xx_43xx.o
Chip_SPI_Init                                     out/libs/lpc_chip_43xx/src/spi_18xx_43xx.o
Chip_SPI_Int_FlushData                            out/libs/lpc_chip_43xx/src/spi_18xx_43xx.o
Chip_SPI_Int_RWFrames                             out/libs/lpc_chip_43xx/src/spi_18xx_43xx.o
Chip_SPI_Int_RWFrames16Bits                       out/libs/lpc_chip_43xx/src/spi_18xx_43xx.o
Chip_SPI_Int_RWFrames8Bits                        out/libs/lpc_chip_43xx/src/spi_18xx_43xx.o
Chip_SPI_RWFrames_Blocking                        out/libs/lpc_chip_43xx/src/spi_18xx_43xx.o
Chip_SPI_SetBitRate                               out/libs/lpc_chip_43xx/src/spi_18xx_43xx.o
Chip_SSP_DeInit                                   out/libs/lpc_chip_43xx/src/ssp_18xx_43xx.o
Chip_SSP_Init                                     out/libs/lpc_chip_43xx/src/ssp_18xx_43xx.o
Chip_SSP_Int_FlushData                            out/libs/lpc_chip_43xx/src/ssp_18xx_43xx.o
Chip_SSP_Int_RWFrames16Bits                       out/libs/lpc_chip_43xx/src/ssp_18xx_43xx.o
Chip_SSP_Int_RWFrames8Bits                        out/libs/lpc_chip_43xx/src/ssp_18xx_43xx.o
Chip_SSP_RWFrames_Blocking                        out/libs/lpc_chip_43xx/src/ssp_18xx_43xx.o
Chip_SSP_ReadFrames_Blocking                      out/libs/lpc_chip_43xx/src/ssp_18xx_43xx.o
Chip_SSP_SetBitRate                               out/libs/lpc_chip_43xx/src/ssp_18xx_43xx.o
Chip_SSP_SetClockRate                             out/libs/lpc_chip_43xx/src/ssp_18xx_43xx.o
Chip_SSP_SetMaster                                out/libs/lpc_chip_43xx/src/ssp_18xx_43xx.o
Chip_SSP_WriteFrames_Blocking                     out/libs/lpc_chip_43xx/src/ssp_18xx_43xx.o
Chip_SetupCoreClock                               out/libs/lpc_chip_43xx/src/sysinit_18xx_43xx.o
                                                  out/libs/lpc_board_ciaa_edu_4337/src/board_sysinit.o
Chip_SetupIrcClocking                             out/libs/lpc_chip_43xx/src/sysinit_18xx_43xx.o
Chip_SetupXtalClocking                            out/libs/lpc_chip_43xx/src/sysinit_18xx_43xx.o
Chip_SystemInit                                   out/libs/lpc_chip_43xx/src/sysinit_18xx_43xx.o
Chip_TIMER_DeInit                                 out/libs/lpc_chip_43xx/src/timer_18xx_43xx.o
                                                  out/libs/sapi/src/sapi_timer.o
Chip_TIMER_ExtMatchControlSet                     out/libs/lpc_chip_43xx/src/timer_18xx_43xx.o
Chip_TIMER_Init                                   out/libs/lpc_chip_43xx/src/timer_18xx_43xx.o
                                                  out/libs/sapi/src/sapi_timer.o
                                                  out/libs/lpc_chip_43xx/src/stopwatch_18xx_43xx.o
Chip_TIMER_Reset                                  out/libs/lpc_chip_43xx/src/timer_18xx_43xx.o
                                                  out/libs/sapi/src/sapi_timer.o
Chip_UART_ABCmd                                   out/libs/lpc_chip_43xx/src/uart_18xx_43xx.o
Chip_UART_CheckBusy                               out/libs/lpc_chip_43xx/src/uart_18xx_43xx.o
Chip_UART_DeInit                                  out/libs/lpc_chip_43xx/src/uart_18xx_43xx.o
Chip_UART_GetABEOStatus                           out/libs/lpc_chip_43xx/src/uart_18xx_43xx.o
Chip_UART_IRQRBHandler                            out/libs/lpc_chip_43xx/src/uart_18xx_43xx.o
Chip_UART_Init                                    out/libs/lpc_chip_43xx/src/uart_18xx_43xx.o
                                                  out/libs/sapi/src/sapi_uart.o
                                                  out/libs/lpc_board_ciaa_edu_4337/src/board.o
Chip_UART_RXIntHandlerRB                          out/libs/lpc_chip_43xx/src/uart_18xx_43xx.o
Chip_UART_Read                                    out/libs/lpc_chip_43xx/src/uart_18xx_43xx.o
Chip_UART_ReadBlocking                            out/libs/lpc_chip_43xx/src/uart_18xx_43xx.o
Chip_UART_ReadRB                                  out/libs/lpc_chip_43xx/src/uart_18xx_43xx.o
Chip_UART_Send                                    out/libs/lpc_chip_43xx/src/uart_18xx_43xx.o
Chip_UART_SendBlocking                            out/libs/lpc_chip_43xx/src/uart_18xx_43xx.o
Chip_UART_SendRB                                  out/libs/lpc_chip_43xx/src/uart_18xx_43xx.o
Chip_UART_SetBaud                                 out/libs/lpc_chip_43xx/src/uart_18xx_43xx.o
                                                  out/libs/sapi/src/sapi_uart.o
Chip_UART_SetBaudFDR                              out/libs/lpc_chip_43xx/src/uart_18xx_43xx.o
                                                  out/libs/lpc_board_ciaa_edu_4337/src/board.o
Chip_UART_TXIntHandlerRB                          out/libs/lpc_chip_43xx/src/uart_18xx_43xx.o
Chip_USB0_Init                                    out/libs/lpc_chip_43xx/src/chip_18xx_43xx.o
Chip_USB1_Init                                    out/libs/lpc_chip_43xx/src/chip_18xx_43xx.o
Chip_WWDT_ClearStatusFlag                         out/libs/lpc_chip_43xx/src/wwdt_18xx_43xx.o
Chip_WWDT_DeInit                                  out/libs/lpc_chip_43xx/src/wwdt_18xx_43xx.o
Chip_WWDT_Init                                    out/libs/lpc_chip_43xx/src/wwdt_18xx_43xx.o
DAC_IRQHandler                                    out/libs/lpc_board_ciaa_edu_4337/src/cr_startup_lpc43xx.o
DMA_IRQHandler                                    out/libs/lpc_board_ciaa_edu_4337/src/cr_startup_lpc43xx.o
DebugMon_Handler                                  out/libs/lpc_board_ciaa_edu_4337/src/cr_startup_lpc43xx.o
ETH_IRQHandler                                    out/libs/lpc_board_ciaa_edu_4337/src/cr_startup_lpc43xx.o
EVRT_IRQHandler                                   out/libs/lpc_board_ciaa_edu_4337/src/cr_startup_lpc43xx.o
ExtRateIn                                         out/libs/lpc_board_ciaa_edu_4337/src/board.o
                                                  out/libs/lpc_chip_43xx/src/clock_18xx_43xx.o
FLASH_EEPROM_IRQHandler                           out/libs/lpc_board_ciaa_edu_4337/src/cr_startup_lpc43xx.o
GINT0_IRQHandler                                  out/libs/lpc_board_ciaa_edu_4337/src/cr_startup_lpc43xx.o
GINT1_IRQHandler                                  out/libs/lpc_board_ciaa_edu_4337/src/cr_startup_lpc43xx.o
GPIO0_IRQHandler                                  out/libs/lpc_board_ciaa_edu_4337/src/cr_startup_lpc43xx.o
GPIO1_IRQHandler                                  out/libs/lpc_board_ciaa_edu_4337/src/cr_startup_lpc43xx.o
GPIO2_IRQHandler                                  out/libs/lpc_board_ciaa_edu_4337/src/cr_startup_lpc43xx.o
GPIO3_IRQHandler                                  out/libs/lpc_board_ciaa_edu_4337/src/cr_startup_lpc43xx.o
GPIO4_IRQHandler                                  out/libs/lpc_board_ciaa_edu_4337/src/cr_startup_lpc43xx.o
GPIO5_IRQHandler                                  out/libs/lpc_board_ciaa_edu_4337/src/cr_startup_lpc43xx.o
GPIO6_IRQHandler                                  out/libs/lpc_board_ciaa_edu_4337/src/cr_startup_lpc43xx.o
GPIO7_IRQHandler                                  out/libs/lpc_board_ciaa_edu_4337/src/cr_startup_lpc43xx.o
HardFault_Handler                                 out/libs/lpc_board_ciaa_edu_4337/src/cr_startup_lpc43xx.o
I2C0_IRQHandler                                   out/libs/lpc_board_ciaa_edu_4337/src/cr_startup_lpc43xx.o
I2C1_IRQHandler                                   out/libs/lpc_board_ciaa_edu_4337/src/cr_startup_lpc43xx.o
I2S0_IRQHandler                                   out/libs/lpc_board_ciaa_edu_4337/src/cr_startup_lpc43xx.o
I2S1_IRQHandler                                   out/libs/lpc_board_ciaa_edu_4337/src/cr_startup_lpc43xx.o
IntDefaultHandler                                 out/libs/lpc_board_ciaa_edu_4337/src/cr_startup_lpc43xx.o
LCD_IRQHandler                                    out/libs/lpc_board_ciaa_edu_4337/src/cr_startup_lpc43xx.o
M0APP_IRQHandler                                  out/libs/lpc_board_ciaa_edu_4337/src/cr_startup_lpc43xx.o
M0SUB_IRQHandler                                  out/libs/lpc_board_ciaa_edu_4337/src/cr_startup_lpc43xx.o
MCPWM_IRQHandler                                  out/libs/lpc_board_ciaa_edu_4337/src/cr_startup_lpc43xx.o
MemManage_Handler                                 out/libs/lpc_board_ciaa_edu_4337/src/cr_startup_lpc43xx.o
NMI_Handler                                       out/libs/lpc_board_ciaa_edu_4337/src/cr_startup_lpc43xx.o
OscRateIn                                         out/libs/lpc_board_ciaa_edu_4337/src/board.o
                                                  out/libs/lpc_chip_43xx/src/clock_18xx_43xx.o
PendSV_Handler                                    out/libs/lpc_board_ciaa_edu_4337/src/cr_startup_lpc43xx.o
QEI_IRQHandler                                    out/libs/lpc_board_ciaa_edu_4337/src/cr_startup_lpc43xx.o
RIT_IRQHandler                                    out/libs/lpc_board_ciaa_edu_4337/src/cr_startup_lpc43xx.o
RTC_IRQHandler                                    out/libs/lpc_board_ciaa_edu_4337/src/cr_startup_lpc43xx.o
ResetISR                                          out/libs/lpc_board_ciaa_edu_4337/src/cr_startup_lpc43xx.o
RingBuffer_Init                                   out/libs/lpc_chip_43xx/src/ring_buffer.o
RingBuffer_Insert                                 out/libs/lpc_chip_43xx/src/ring_buffer.o
                                                  out/libs/lpc_chip_43xx/src/uart_18xx_43xx.o
RingBuffer_InsertMult                             out/libs/lpc_chip_43xx/src/ring_buffer.o
                                                  out/libs/lpc_chip_43xx/src/uart_18xx_43xx.o
RingBuffer_Pop                                    out/libs/lpc_chip_43xx/src/ring_buffer.o
                                                  out/libs/lpc_chip_43xx/src/uart_18xx_43xx.o
RingBuffer_PopMult                                out/libs/lpc_chip_43xx/src/ring_buffer.o
                                                  out/libs/lpc_chip_43xx/src/uart_18xx_43xx.o
SCT_IRQHandler                                    out/libs/lpc_board_ciaa_edu_4337/src/cr_startup_lpc43xx.o
SDIO_Card_DisableInt                              out/libs/lpc_chip_43xx/src/sdio_18xx_43xx.o
SDIO_Card_EnableInt                               out/libs/lpc_chip_43xx/src/sdio_18xx_43xx.o
SDIO_Card_GetBlockSize                            out/libs/lpc_chip_43xx/src/sdio_18xx_43xx.o
SDIO_Card_Init                                    out/libs/lpc_chip_43xx/src/sdio_18xx_43xx.o
SDIO_Card_ReadData                                out/libs/lpc_chip_43xx/src/sdio_18xx_43xx.o
SDIO_Card_SetBlockSize                            out/libs/lpc_chip_43xx/src/sdio_18xx_43xx.o
SDIO_Card_WriteData                               out/libs/lpc_chip_43xx/src/sdio_18xx_43xx.o
SDIO_Handler                                      out/libs/lpc_chip_43xx/src/sdio_18xx_43xx.o
SDIO_IRQHandler                                   out/libs/lpc_board_ciaa_edu_4337/src/cr_startup_lpc43xx.o
SDIO_Read_Direct                                  out/libs/lpc_chip_43xx/src/sdio_18xx_43xx.o
SDIO_Send_Command                                 out/libs/lpc_chip_43xx/src/sdio_18xx_43xx.o
SDIO_Setup_Callback                               out/libs/lpc_chip_43xx/src/sdio_18xx_43xx.o
SDIO_WriteRead_Direct                             out/libs/lpc_chip_43xx/src/sdio_18xx_43xx.o
SDIO_Write_Direct                                 out/libs/lpc_chip_43xx/src/sdio_18xx_43xx.o
SGPIO_IRQHandler                                  out/libs/lpc_board_ciaa_edu_4337/src/cr_startup_lpc43xx.o
SPIFI_IRQHandler                                  out/libs/lpc_board_ciaa_edu_4337/src/cr_startup_lpc43xx.o
SPI_IRQHandler                                    out/libs/lpc_board_ciaa_edu_4337/src/cr_startup_lpc43xx.o
SSP0_IRQHandler                                   out/libs/lpc_board_ciaa_edu_4337/src/cr_startup_lpc43xx.o
SSP1_IRQHandler                                   out/libs/lpc_board_ciaa_edu_4337/src/cr_startup_lpc43xx.o
SVC_Handler                                       out/libs/lpc_board_ciaa_edu_4337/src/cr_startup_lpc43xx.o
Sct_EnablePwmFor                                  out/libs/sapi/src/sapi_sct.o
                                                  out/libs/sapi/src/sapi_pwm.o
Sct_GetDutyCycle                                  out/libs/sapi/src/sapi_sct.o
                                                  out/libs/sapi/src/sapi_pwm.o
Sct_Init                                          out/libs/sapi/src/sapi_sct.o
                                                  out/libs/sapi/src/sapi_pwm.o
Sct_SetDutyCycle                                  out/libs/sapi/src/sapi_sct.o
                                                  out/libs/sapi/src/sapi_pwm.o
Sct_Uint8ToTicks                                  out/libs/sapi/src/sapi_sct.o
StopWatch_Init                                    out/libs/lpc_chip_43xx/src/stopwatch_18xx_43xx.o
StopWatch_MsToTicks                               out/libs/lpc_chip_43xx/src/stopwatch_18xx_43xx.o
StopWatch_Start                                   out/libs/lpc_chip_43xx/src/stopwatch_18xx_43xx.o
StopWatch_TicksPerSecond                          out/libs/lpc_chip_43xx/src/stopwatch_18xx_43xx.o
StopWatch_TicksToMs                               out/libs/lpc_chip_43xx/src/stopwatch_18xx_43xx.o
StopWatch_TicksToUs                               out/libs/lpc_chip_43xx/src/stopwatch_18xx_43xx.o
StopWatch_UsToTicks                               out/libs/lpc_chip_43xx/src/stopwatch_18xx_43xx.o
SysTick_Handler                                   out/libs/sapi/src/sapi_tick.o
                                                  out/libs/lpc_board_ciaa_edu_4337/src/cr_startup_lpc43xx.o
SystemCoreClock                                   out/libs/lpc_chip_43xx/src/chip_18xx_43xx.o
                                                  out/libs/sapi/src/sapi_tick.o
                                                  out/libs/lpc_chip_43xx/src/iap_18xx_43xx.o
                                                  out/libs/lpc_chip_43xx/src/enet_18xx_43xx.o
SystemCoreClockUpdate                             out/libs/lpc_chip_43xx/src/chip_18xx_43xx.o
                                                  out/libs/sapi/src/sapi_board.o
SystemInit                                        out/libs/lpc_board_ciaa_edu_4337/src/sysinit.o
                                                  out/libs/lpc_board_ciaa_edu_4337/src/cr_startup_lpc43xx.o
TIMER0_IRQHandler                                 out/libs/sapi/src/sapi_timer.o
                                                  out/libs/lpc_board_ciaa_edu_4337/src/cr_startup_lpc43xx.o
TIMER1_IRQHandler                                 out/libs/sapi/src/sapi_timer.o
                                                  out/libs/lpc_board_ciaa_edu_4337/src/cr_startup_lpc43xx.o
TIMER2_IRQHandler                                 out/libs/sapi/src/sapi_timer.o
                                                  out/libs/lpc_board_ciaa_edu_4337/src/cr_startup_lpc43xx.o
TIMER3_IRQHandler                                 out/libs/sapi/src/sapi_timer.o
                                                  out/libs/lpc_board_ciaa_edu_4337/src/cr_startup_lpc43xx.o
Timer_DeInit                                      out/libs/sapi/src/sapi_timer.o
Timer_DisableCompareMatch                         out/libs/sapi/src/sapi_timer.o
                                                  out/libs/sapi/src/sapi_servo.o
Timer_EnableCompareMatch                          out/libs/sapi/src/sapi_timer.o
                                                  out/libs/sapi/src/sapi_servo.o
Timer_Init                                        out/libs/sapi/src/sapi_timer.o
                                                  out/libs/sapi/src/sapi_servo.o
Timer_SetCompareMatch                             out/libs/sapi/src/sapi_timer.o
                                                  out/libs/sapi/src/sapi_servo.o
Timer_microsecondsToTicks                         out/libs/sapi/src/sapi_timer.o